Archive member included to satisfy reference by file (symbol)

c:/nxp/mcuxpressoide_11.2.0_4120/ide/plugins/com.nxp.mcuxpresso.tools.win32_11.2.0.202001021529/tools/bin/../lib/gcc/arm-none-eabi/9.2.1/../../../../arm-none-eabi/lib/thumb/v7e-m+fp/hard\libcr_semihost_nf.a(_cr__main.o)
                              ./startup/startup_mk64f12.o (__main)
c:/nxp/mcuxpressoide_11.2.0_4120/ide/plugins/com.nxp.mcuxpresso.tools.win32_11.2.0.202001021529/tools/bin/../lib/gcc/arm-none-eabi/9.2.1/../../../../arm-none-eabi/lib/thumb/v7e-m+fp/hard\libcr_c.a(memcpy.o)
                              ./utilities/fsl_str.o (memcpy)
c:/nxp/mcuxpressoide_11.2.0_4120/ide/plugins/com.nxp.mcuxpresso.tools.win32_11.2.0.202001021529/tools/bin/../lib/gcc/arm-none-eabi/9.2.1/../../../../arm-none-eabi/lib/thumb/v7e-m+fp/hard\libcr_c.a(memset.o)
                              ./drivers/fsl_ftfx_cache.o (memset)
c:/nxp/mcuxpressoide_11.2.0_4120/ide/plugins/com.nxp.mcuxpresso.tools.win32_11.2.0.202001021529/tools/bin/../lib/gcc/arm-none-eabi/9.2.1/../../../../arm-none-eabi/lib/thumb/v7e-m+fp/hard\libcr_c.a(alloc.o)
                              ./drivers/fsl_common.o (malloc)
c:/nxp/mcuxpressoide_11.2.0_4120/ide/plugins/com.nxp.mcuxpresso.tools.win32_11.2.0.202001021529/tools/bin/../lib/gcc/arm-none-eabi/9.2.1/../../../../arm-none-eabi/lib/thumb/v7e-m+fp/hard\libcr_c.a(initio.o)
                              c:/nxp/mcuxpressoide_11.2.0_4120/ide/plugins/com.nxp.mcuxpresso.tools.win32_11.2.0.202001021529/tools/bin/../lib/gcc/arm-none-eabi/9.2.1/../../../../arm-none-eabi/lib/thumb/v7e-m+fp/hard\libcr_semihost_nf.a(_cr__main.o) (_initio)
c:/nxp/mcuxpressoide_11.2.0_4120/ide/plugins/com.nxp.mcuxpresso.tools.win32_11.2.0.202001021529/tools/bin/../lib/gcc/arm-none-eabi/9.2.1/../../../../arm-none-eabi/lib/thumb/v7e-m+fp/hard\libcr_c.a(printf.o)
                              ./utilities/fsl_assert.o (_printf)
c:/nxp/mcuxpressoide_11.2.0_4120/ide/plugins/com.nxp.mcuxpresso.tools.win32_11.2.0.202001021529/tools/bin/../lib/gcc/arm-none-eabi/9.2.1/../../../../arm-none-eabi/lib/thumb/v7e-m+fp/hard\libcr_c.a(scanf.o)
                              ./utilities/fsl_str.o (strtoul)
c:/nxp/mcuxpressoide_11.2.0_4120/ide/plugins/com.nxp.mcuxpresso.tools.win32_11.2.0.202001021529/tools/bin/../lib/gcc/arm-none-eabi/9.2.1/../../../../arm-none-eabi/lib/thumb/v7e-m+fp/hard\libcr_c.a(setvbuf.o)
                              c:/nxp/mcuxpressoide_11.2.0_4120/ide/plugins/com.nxp.mcuxpresso.tools.win32_11.2.0.202001021529/tools/bin/../lib/gcc/arm-none-eabi/9.2.1/../../../../arm-none-eabi/lib/thumb/v7e-m+fp/hard\libcr_c.a(initio.o) (setvbuf)
c:/nxp/mcuxpressoide_11.2.0_4120/ide/plugins/com.nxp.mcuxpresso.tools.win32_11.2.0.202001021529/tools/bin/../lib/gcc/arm-none-eabi/9.2.1/../../../../arm-none-eabi/lib/thumb/v7e-m+fp/hard\libcr_c.a(strlen.o)
                              ./utilities/fsl_str.o (strlen)
c:/nxp/mcuxpressoide_11.2.0_4120/ide/plugins/com.nxp.mcuxpresso.tools.win32_11.2.0.202001021529/tools/bin/../lib/gcc/arm-none-eabi/9.2.1/../../../../arm-none-eabi/lib/thumb/v7e-m+fp/hard\libcr_c.a(ungetc.o)
                              c:/nxp/mcuxpressoide_11.2.0_4120/ide/plugins/com.nxp.mcuxpresso.tools.win32_11.2.0.202001021529/tools/bin/../lib/gcc/arm-none-eabi/9.2.1/../../../../arm-none-eabi/lib/thumb/v7e-m+fp/hard\libcr_c.a(scanf.o) (ungetc)
c:/nxp/mcuxpressoide_11.2.0_4120/ide/plugins/com.nxp.mcuxpresso.tools.win32_11.2.0.202001021529/tools/bin/../lib/gcc/arm-none-eabi/9.2.1/../../../../arm-none-eabi/lib/thumb/v7e-m+fp/hard\libcr_c.a(__fillbuf.o)
                              c:/nxp/mcuxpressoide_11.2.0_4120/ide/plugins/com.nxp.mcuxpresso.tools.win32_11.2.0.202001021529/tools/bin/../lib/gcc/arm-none-eabi/9.2.1/../../../../arm-none-eabi/lib/thumb/v7e-m+fp/hard\libcr_c.a(scanf.o) (__filbuf)
c:/nxp/mcuxpressoide_11.2.0_4120/ide/plugins/com.nxp.mcuxpresso.tools.win32_11.2.0.202001021529/tools/bin/../lib/gcc/arm-none-eabi/9.2.1/../../../../arm-none-eabi/lib/thumb/v7e-m+fp/hard\libcr_c.a(__init_alloc.o)
                              c:/nxp/mcuxpressoide_11.2.0_4120/ide/plugins/com.nxp.mcuxpresso.tools.win32_11.2.0.202001021529/tools/bin/../lib/gcc/arm-none-eabi/9.2.1/../../../../arm-none-eabi/lib/thumb/v7e-m+fp/hard\libcr_c.a(alloc.o) (__heaps)
c:/nxp/mcuxpressoide_11.2.0_4120/ide/plugins/com.nxp.mcuxpresso.tools.win32_11.2.0.202001021529/tools/bin/../lib/gcc/arm-none-eabi/9.2.1/../../../../arm-none-eabi/lib/thumb/v7e-m+fp/hard\libcr_c.a(_cr_sbrk.o)
                              c:/nxp/mcuxpressoide_11.2.0_4120/ide/plugins/com.nxp.mcuxpresso.tools.win32_11.2.0.202001021529/tools/bin/../lib/gcc/arm-none-eabi/9.2.1/../../../../arm-none-eabi/lib/thumb/v7e-m+fp/hard\libcr_c.a(alloc.o) (_sbrk)
c:/nxp/mcuxpressoide_11.2.0_4120/ide/plugins/com.nxp.mcuxpresso.tools.win32_11.2.0.202001021529/tools/bin/../lib/gcc/arm-none-eabi/9.2.1/../../../../arm-none-eabi/lib/thumb/v7e-m+fp/hard\libcr_c.a(_deferredlazyseek.o)
[...]
Memory Configuration

Name             Origin             Length             Attributes
PROGRAM_FLASH    0x00000000         0x00100000         xr
SRAM_UPPER       0x20000000         0x00030000         xrw
SRAM_LOWER       0x1fff0000         0x00010000         xrw
FLEX_RAM         0x14000000         0x00001000         xrw
*default*        0x00000000         0xffffffff

Linker script and memory map

LOAD ./utilities/fsl_assert.o
LOAD ./utilities/fsl_debug_console.o
LOAD ./utilities/fsl_str.o
LOAD ./startup/startup_mk64f12.o
LOAD ./source/main.o
LOAD ./source/semihost_hardfault.o
LOAD ./drivers/fsl_clock.o
LOAD ./drivers/fsl_common.o
LOAD ./drivers/fsl_ftfx_cache.o
LOAD ./drivers/fsl_ftfx_controller.o
LOAD ./drivers/fsl_ftfx_flash.o
LOAD ./drivers/fsl_ftfx_flexnvm.o
LOAD ./drivers/fsl_ftm.o
LOAD ./drivers/fsl_gpio.o
LOAD ./drivers/fsl_smc.o
LOAD ./drivers/fsl_uart.o
LOAD ./device/system_MK64F12.o
LOAD ./component/uart/uart_adapter.o
LOAD ./component/serial_manager/serial_manager.o
LOAD ./component/serial_manager/serial_port_uart.o
LOAD ./component/lists/generic_list.o
LOAD ./board/board.o
LOAD ./board/clock_config.o
LOAD ./board/peripherals.o
LOAD ./board/pin_mux.o
START GROUP
LOAD c:/nxp/mcuxpressoide_11.2.0_4120/ide/plugins/com.nxp.mcuxpresso.tools.win32_11.2.0.202001021529/tools/bin/../lib/gcc/arm-none-eabi/9.2.1/../../../../arm-none-eabi/lib/thumb/v7e-m+fp/hard\libcr_semihost_nf.a
LOAD c:/nxp/mcuxpressoide_11.2.0_4120/ide/plugins/com.nxp.mcuxpresso.tools.win32_11.2.0.202001021529/tools/bin/../lib/gcc/arm-none-eabi/9.2.1/../../../../arm-none-eabi/lib/thumb/v7e-m+fp/hard\libcr_c.a
LOAD c:/nxp/mcuxpressoide_11.2.0_4120/ide/plugins/com.nxp.mcuxpresso.tools.win32_11.2.0.202001021529/tools/bin/../lib/gcc/arm-none-eabi/9.2.1/thumb/v7e-m+fp/hard\libcr_eabihelpers.a
LOAD c:/nxp/mcuxpressoide_11.2.0_4120/ide/plugins/com.nxp.mcuxpresso.tools.win32_11.2.0.202001021529/tools/bin/../lib/gcc/arm-none-eabi/9.2.1/thumb/v7e-m+fp/hard\libgcc.a
END GROUP
                0x00000000                __base_PROGRAM_FLASH = 0x0
                0x00000000                __base_Flash = 0x0
                0x00100000                __top_PROGRAM_FLASH = 0x100000
                0x00100000                __top_Flash = 0x100000
                0x20000000                __base_SRAM_UPPER = 0x20000000
                0x20000000                __base_RAM = 0x20000000
                0x20030000                __top_SRAM_UPPER = 0x20030000
                0x20030000                __top_RAM = 0x20030000
                0x1fff0000                __base_SRAM_LOWER = 0x1fff0000
                0x1fff0000                __base_RAM2 = 0x1fff0000
                0x20000000                __top_SRAM_LOWER = 0x20000000
                0x20000000                __top_RAM2 = 0x20000000
                0x14000000                __base_FLEX_RAM = 0x14000000
                0x14000000                __base_RAM3 = 0x14000000
                0x14001000                __top_FLEX_RAM = 0x14001000
                0x14001000                __top_RAM3 = 0x14001000

.text           0x00000000     0x3ac8
 FILL mask 0xff
                0x00000000                __vectors_start__ = ABSOLUTE (.)
 *(SORT_BY_ALIGNMENT(.isr_vector))
 .isr_vector    0x00000000      0x198 ./startup/startup_mk64f12.o
                0x00000000                g_pfnVectors
                0x00000000                __Vectors
                0x00000198                . = ALIGN (0x4)
                0x00000198                __section_table_start = .
                0x00000198                __data_section_table = .
                0x00000198        0x4 LONG 0x3ac8 LOADADDR (.data)
                0x0000019c        0x4 LONG 0x20000000 ADDR (.data)
                0x000001a0        0x4 LONG 0x10 SIZEOF (.data)
                0x000001a4        0x4 LONG 0x3ac8 LOADADDR (.data_RAM2)
                0x000001a8        0x4 LONG 0x1fff0000 ADDR (.data_RAM2)
                0x000001ac        0x4 LONG 0x0 SIZEOF (.data_RAM2)
                0x000001b0        0x4 LONG 0x3ac8 LOADADDR (.data_RAM3)
                0x000001b4        0x4 LONG 0x14000000 ADDR (.data_RAM3)
                0x000001b8        0x4 LONG 0x0 SIZEOF (.data_RAM3)
                0x000001bc                __data_section_table_end = .
                0x000001bc                __bss_section_table = .
                0x000001bc        0x4 LONG 0x20000010 ADDR (.bss)
                0x000001c0        0x4 LONG 0xf0 SIZEOF (.bss)
                0x000001c4        0x4 LONG 0x1fff0000 ADDR (.bss_RAM2)
                0x000001c8        0x4 LONG 0x0 SIZEOF (.bss_RAM2)
                0x000001cc        0x4 LONG 0x14000000 ADDR (.bss_RAM3)
                0x000001d0        0x4 LONG 0x0 SIZEOF (.bss_RAM3)
                0x000001d4                __bss_section_table_end = .
                0x000001d4                __section_table_end = .
 *(SORT_BY_ALIGNMENT(.after_vectors*))
 .after_vectors.reset
                0x000001d4       0x4c ./startup/startup_mk64f12.o
                0x000001d4                ResetISR
 .after_vectors.init_data
                0x00000220       0x1e ./startup/startup_mk64f12.o
                0x00000220                data_init
 .after_vectors.init_bss
                0x0000023e       0x12 ./startup/startup_mk64f12.o
                0x0000023e                bss_init
 .after_vectors
                0x00000250       0x14 ./startup/startup_mk64f12.o
                0x00000250                NMI_Handler
                0x00000254                MemManage_Handler
                0x00000256                BusFault_Handler
                0x00000258                UsageFault_Handler
                0x0000025a                SVC_Handler
                0x0000025c                DebugMon_Handler
                0x0000025e                PendSV_Handler
                0x00000260                SysTick_Handler
                0x00000262                DMA_Error_DriverIRQHandler
                0x00000262                LPTMR0_DriverIRQHandler
                0x00000262                FTM1_DriverIRQHandler
                0x00000262                FTM2_DriverIRQHandler
                0x00000262                PIT2_DriverIRQHandler
                0x00000262                SDHC_DriverIRQHandler
                0x00000262                I2S0_Tx_DriverIRQHandler
                0x00000262                RTC_Seconds_DriverIRQHandler
                0x00000262                DMA6_DriverIRQHandler
                0x00000262                LLWU_DriverIRQHandler
                0x00000262                MCM_DriverIRQHandler
                0x00000262                MCG_DriverIRQHandler
                0x00000262                ENET_1588_Timer_DriverIRQHandler
                0x00000262                I2C2_DriverIRQHandler
                0x00000262                DAC1_DriverIRQHandler
                0x00000262                SPI1_DriverIRQHandler
                0x00000262                CMP1_DriverIRQHandler
                0x00000262                FTM0_DriverIRQHandler
                0x00000262                IntDefaultHandler
                0x00000262                USB0_DriverIRQHandler
                0x00000262                UART5_ERR_DriverIRQHandler
                0x00000262                PORTC_DriverIRQHandler
                0x00000262                DMA11_DriverIRQHandler
                0x00000262                DAC0_DriverIRQHandler
                0x00000262                DMA10_DriverIRQHandler
                0x00000262                CMP2_DriverIRQHandler
                0x00000262                UART2_ERR_DriverIRQHandler
                0x00000262                SPI2_DriverIRQHandler
                0x00000262                LVD_LVW_DriverIRQHandler
                0x00000262                PIT0_DriverIRQHandler
                0x00000262                DMA12_DriverIRQHandler
                0x00000262                DMA5_DriverIRQHandler
                0x00000262                DMA4_DriverIRQHandler
                0x00000262                USBDCD_DriverIRQHandler
                0x00000262                UART3_ERR_DriverIRQHandler
                0x00000262                DMA3_DriverIRQHandler
                0x00000262                DMA8_DriverIRQHandler
                0x00000262                DMA9_DriverIRQHandler
                0x00000262                UART0_ERR_DriverIRQHandler
                0x00000262                CMT_DriverIRQHandler
                0x00000262                Reserved71_DriverIRQHandler
                0x00000262                ADC1_DriverIRQHandler
                0x00000262                PORTA_DriverIRQHandler
                0x00000262                DMA14_DriverIRQHandler
                0x00000262                PIT3_DriverIRQHandler
                0x00000262                PIT1_DriverIRQHandler
                0x00000262                WDOG_EWM_DriverIRQHandler
                0x00000262                PDB0_DriverIRQHandler
                0x00000262                RTC_DriverIRQHandler
                0x00000262                I2S0_Rx_DriverIRQHandler
                0x00000262                Read_Collision_DriverIRQHandler
                0x00000262                SWI_DriverIRQHandler
                0x00000262                UART4_ERR_DriverIRQHandler
                0x00000262                PORTB_DriverIRQHandler
                0x00000262                UART0_LON_DriverIRQHandler
                0x00000262                DMA0_DriverIRQHandler
                0x00000262                DMA1_DriverIRQHandler
                0x00000262                I2C1_DriverIRQHandler
                0x00000262                ENET_Receive_DriverIRQHandler
                0x00000262                DMA13_DriverIRQHandler
                0x00000262                ENET_Error_DriverIRQHandler
                0x00000262                DMA15_DriverIRQHandler
                0x00000262                SPI0_DriverIRQHandler
                0x00000262                ADC0_DriverIRQHandler
                0x00000262                CMP0_DriverIRQHandler
                0x00000262                CAN0_DriverIRQHandler
                0x00000262                FTM3_DriverIRQHandler
                0x00000262                RNG_DriverIRQHandler
                0x00000262                UART1_ERR_DriverIRQHandler
                0x00000262                DMA2_DriverIRQHandler
                0x00000262                ENET_Transmit_DriverIRQHandler
                0x00000262                PORTD_DriverIRQHandler
                0x00000262                PORTE_DriverIRQHandler
                0x00000262                FTFE_DriverIRQHandler
                0x00000262                I2C0_DriverIRQHandler
                0x00000262                DMA7_DriverIRQHandler
                0x00000400                . = 0x400
 *fill*         0x00000264      0x19c ff
                0x00000400                PROVIDE (__FLASH_CONFIG_START__ = .)
 *(SORT_BY_ALIGNMENT(.FlashConfig))
 .FlashConfig   0x00000400       0x10 ./startup/startup_mk64f12.o
                0x00000400                Flash_Config
                0x00000410                PROVIDE (__FLASH_CONFIG_END__ = .)
                0x00000001                ASSERT (! ((__FLASH_CONFIG_START__ == __FLASH_CONFIG_END__)), Linker Flash Config Support Enabled, but no .FlashConfig section provided within application)
 *(SORT_BY_ALIGNMENT(.text*))
 .text.__assertion_failed
                0x00000410       0x18 ./utilities/fsl_assert.o
                0x00000410                __assertion_failed
 .text.FTM0_IRQHandler
                0x00000428       0x74 ./source/main.o
                0x00000428                FTM0_IRQHandler
 .text.main     0x0000049c       0x64 ./source/main.o
                0x0000049c                main
 .text.CLOCK_SetEr32kClock
                0x00000500       0x30 ./drivers/fsl_clock.o
 .text.CLOCK_SetPllFllSelClock
                0x00000530       0x3c ./drivers/fsl_clock.o
 .text.CLOCK_GetMcgExtClkFreq
                0x0000056c       0x7c ./drivers/fsl_clock.o
 .text.CLOCK_GetFllExtRefClkFreq
                0x000005e8       0xb0 ./drivers/fsl_clock.o
 .text.CLOCK_GetInternalRefClkSelectFreq
                0x00000698       0x4c ./drivers/fsl_clock.o
 .text.CLOCK_GetFllRefClkFreq
                0x000006e4       0x34 ./drivers/fsl_clock.o
 .text.CLOCK_GetOscRangeFromFreq
                0x00000718       0x3c ./drivers/fsl_clock.o
 .text.CLOCK_GetOsc0ErClkFreq
                0x00000754       0x44 ./drivers/fsl_clock.o
                0x00000754                CLOCK_GetOsc0ErClkFreq
 .text.CLOCK_GetEr32kClkFreq
                0x00000798       0x74 ./drivers/fsl_clock.o
                0x00000798                CLOCK_GetEr32kClkFreq
 .text.CLOCK_GetPllFllSelClkFreq
                0x0000080c       0x58 ./drivers/fsl_clock.o
                0x0000080c                CLOCK_GetPllFllSelClkFreq
 .text.CLOCK_GetCoreSysClkFreq
                0x00000864       0x28 ./drivers/fsl_clock.o
                0x00000864                CLOCK_GetCoreSysClkFreq
 .text.CLOCK_GetFreq
                0x0000088c      0x148 ./drivers/fsl_clock.o
                0x0000088c                CLOCK_GetFreq
 .text.CLOCK_SetSimConfig
                0x000009d4       0x38 ./drivers/fsl_clock.o
                0x000009d4                CLOCK_SetSimConfig
 .text.CLOCK_GetOutClkFreq
                0x00000a0c       0x64 ./drivers/fsl_clock.o
                0x00000a0c                CLOCK_GetOutClkFreq
 .text.CLOCK_GetFllFreq
                0x00000a70       0x84 ./drivers/fsl_clock.o
                0x00000a70                CLOCK_GetFllFreq
 .text.CLOCK_GetInternalRefClkFreq
                0x00000af4       0x30 ./drivers/fsl_clock.o
                0x00000af4                CLOCK_GetInternalRefClkFreq
 .text.CLOCK_GetPll0Freq
                0x00000b24       0x78 ./drivers/fsl_clock.o
                0x00000b24                CLOCK_GetPll0Freq
 .text.CLOCK_SetExternalRefClkConfig
                0x00000b9c       0x6c ./drivers/fsl_clock.o
                0x00000b9c                CLOCK_SetExternalRefClkConfig
 .text.CLOCK_SetInternalRefClkConfig
                0x00000c08      0x104 ./drivers/fsl_clock.o
                0x00000c08                CLOCK_SetInternalRefClkConfig
 .text.CLOCK_EnablePll0
                0x00000d0c       0x88 ./drivers/fsl_clock.o
                0x00000d0c                CLOCK_EnablePll0
 .text.CLOCK_InitOsc0
                0x00000d94       0x8c ./drivers/fsl_clock.o
                0x00000d94                CLOCK_InitOsc0
 .text.CLOCK_SetPbeMode
                0x00000e20       0xa8 ./drivers/fsl_clock.o
                0x00000e20                CLOCK_SetPbeMode
 .text.CLOCK_BootToPeeMode
                0x00000ec8       0x64 ./drivers/fsl_clock.o
                0x00000ec8                CLOCK_BootToPeeMode
 .text.FTM_GetInstance
                0x00000f2c       0x54 ./drivers/fsl_ftm.o
 .text.FTM_SetPwmSync
                0x00000f80      0x140 ./drivers/fsl_ftm.o
 .text.FTM_SetReloadPoints
                0x000010c0      0x138 ./drivers/fsl_ftm.o
 .text.FTM_Init
                0x000011f8       0xf4 ./drivers/fsl_ftm.o
                0x000011f8                FTM_Init
 .text.UART_GetInstance
                0x000012ec       0x54 ./drivers/fsl_uart.o
                0x000012ec                UART_GetInstance
 .text.UART_Init
                0x00001340      0x2f4 ./drivers/fsl_uart.o
                0x00001340                UART_Init
 .text.UART0_DriverIRQHandler
                0x00001634       0x28 ./drivers/fsl_uart.o
                0x00001634                UART0_DriverIRQHandler
 .text.UART1_DriverIRQHandler
                0x0000165c       0x28 ./drivers/fsl_uart.o
                0x0000165c                UART1_DriverIRQHandler
 .text.UART2_DriverIRQHandler
                0x00001684       0x28 ./drivers/fsl_uart.o
                0x00001684                UART2_DriverIRQHandler
 .text.UART3_DriverIRQHandler
                0x000016ac       0x28 ./drivers/fsl_uart.o
                0x000016ac                UART3_DriverIRQHandler
 .text.UART4_DriverIRQHandler
                0x000016d4       0x28 ./drivers/fsl_uart.o
                0x000016d4                UART4_DriverIRQHandler
 .text.UART5_DriverIRQHandler
                0x000016fc       0x28 ./drivers/fsl_uart.o
                0x000016fc                UART5_DriverIRQHandler
 .text.SystemInit
                0x00001724       0x3c ./device/system_MK64F12.o
                0x00001724                SystemInit
 .text.CLOCK_SetSimSafeDivs
                0x00001760       0x20 ./board/clock_config.o
 .text.CLOCK_SetXtal0Freq
                0x00001780       0x20 ./board/clock_config.o
 .text.CLOCK_CONFIG_SetFllExtRefDiv
                0x000017a0       0x3c ./board/clock_config.o
 .text.BOARD_BootClockRUN
                0x000017dc       0x60 ./board/clock_config.o
                0x000017dc                BOARD_BootClockRUN
 .text.__NVIC_EnableIRQ
                0x0000183c       0x3c ./board/peripherals.o
 .text.FTM0_init
                0x00001878       0x64 ./board/peripherals.o
 .text.UART0_init
                0x000018dc       0x24 ./board/peripherals.o
 .text.BOARD_InitPins
                0x00001900       0x60 ./board/pin_mux.o
                0x00001900                BOARD_InitPins
 .text.malloc   0x00001960       0xc8 c:/nxp/mcuxpressoide_11.2.0_4120/ide/plugins/com.nxp.mcuxpresso.tools.win32_11.2.0.202001021529/tools/bin/../lib/gcc/arm-none-eabi/9.2.1/../../../../arm-none-eabi/lib/thumb/v7e-m+fp/hard\libcr_c.a(alloc.o)
                0x00001960                malloc
 .text._Csys_alloc
                0x00001a28       0x20 c:/nxp/mcuxpressoide_11.2.0_4120/ide/plugins/com.nxp.mcuxpresso.tools.win32_11.2.0.202001021529/tools/bin/../lib/gcc/arm-none-eabi/9.2.1/../../../../arm-none-eabi/lib/thumb/v7e-m+fp/hard\libcr_c.a(alloc.o)
                0x00001a28                _Csys_alloc
 .text._initio  0x00001a48       0x78 c:/nxp/mcuxpressoide_11.2.0_4120/ide/plugins/com.nxp.mcuxpresso.tools.win32_11.2.0.202001021529/tools/bin/../lib/gcc/arm-none-eabi/9.2.1/../../../../arm-none-eabi/lib/thumb/v7e-m+fp/hard\libcr_c.a(initio.o)
                0x00001a48                _initio
 .text.__vfprintf
                0x00001ac0      0xce8 c:/nxp/mcuxpressoide_11.2.0_4120/ide/plugins/com.nxp.mcuxpresso.tools.win32_11.2.0.202001021529/tools/bin/../lib/gcc/arm-none-eabi/9.2.1/../../../../arm-none-eabi/lib/thumb/v7e-m+fp/hard\libcr_c.a(printf.o)
                0x00001ac0                __vfprintf
 .text._vsnprintf
                0x000027a8       0x68 c:/nxp/mcuxpressoide_11.2.0_4120/ide/plugins/com.nxp.mcuxpresso.tools.win32_11.2.0.202001021529/tools/bin/../lib/gcc/arm-none-eabi/9.2.1/../../../../arm-none-eabi/lib/thumb/v7e-m+fp/hard\libcr_c.a(printf.o)
                0x000027a8                _vsnprintf
 .text._printf  0x00002810       0x54 c:/nxp/mcuxpressoide_11.2.0_4120/ide/plugins/com.nxp.mcuxpresso.tools.win32_11.2.0.202001021529/tools/bin/../lib/gcc/arm-none-eabi/9.2.1/../../../../arm-none-eabi/lib/thumb/v7e-m+fp/hard\libcr_c.a(printf.o)
                0x00002810                _printf
 .text._sbrk    0x00002864       0x3c c:/nxp/mcuxpressoide_11.2.0_4120/ide/plugins/com.nxp.mcuxpresso.tools.win32_11.2.0.202001021529/tools/bin/../lib/gcc/arm-none-eabi/9.2.1/../../../../arm-none-eabi/lib/thumb/v7e-m+fp/hard\libcr_c.a(_cr_sbrk.o)
                0x00002864                _sbrk
 .text._Cwritebuf
                0x000028a0       0x6c c:/nxp/mcuxpressoide_11.2.0_4120/ide/plugins/com.nxp.mcuxpresso.tools.win32_11.2.0.202001021529/tools/bin/../lib/gcc/arm-none-eabi/9.2.1/../../../../arm-none-eabi/lib/thumb/v7e-m+fp/hard\libcr_c.a(_writebuf.o)
                0x000028a0                _Cwritebuf
 .text.fflush   0x0000290c       0x44 c:/nxp/mcuxpressoide_11.2.0_4120/ide/plugins/com.nxp.mcuxpresso.tools.win32_11.2.0.202001021529/tools/bin/../lib/gcc/arm-none-eabi/9.2.1/../../../../arm-none-eabi/lib/thumb/v7e-m+fp/hard\libcr_c.a(fflush.o)
                0x0000290c                fflush
 .text.fseek    0x00002950      0x100 c:/nxp/mcuxpressoide_11.2.0_4120/ide/plugins/com.nxp.mcuxpresso.tools.win32_11.2.0.202001021529/tools/bin/../lib/gcc/arm-none-eabi/9.2.1/../../../../arm-none-eabi/lib/thumb/v7e-m+fp/hard\libcr_c.a(fseek.o)
                0x00002950                fseek
 .text.ftell    0x00002a50       0x44 c:/nxp/mcuxpressoide_11.2.0_4120/ide/plugins/com.nxp.mcuxpresso.tools.win32_11.2.0.202001021529/tools/bin/../lib/gcc/arm-none-eabi/9.2.1/../../../../arm-none-eabi/lib/thumb/v7e-m+fp/hard\libcr_c.a(ftell.o)
                0x00002a50                ftell
 .text.__check_heap_overflow
                0x00002a94       0x18 c:/nxp/mcuxpressoide_11.2.0_4120/ide/plugins/com.nxp.mcuxpresso.tools.win32_11.2.0.202001021529/tools/bin/../lib/gcc/arm-none-eabi/9.2.1/../../../../arm-none-eabi/lib/thumb/v7e-m+fp/hard\libcr_c.a(_cr_check_heap.o)
                0x00002a94                __check_heap_overflow
 .text.__sys_appexit
                0x00002aac        0xc c:/nxp/mcuxpressoide_11.2.0_4120/ide/plugins/com.nxp.mcuxpresso.tools.win32_11.2.0.202001021529/tools/bin/../lib/gcc/arm-none-eabi/9.2.1/../../../../arm-none-eabi/lib/thumb/v7e-m+fp/hard\libcr_semihost_nf.a(__sys_appexit.o)
                0x00002aac                __sys_appexit
                0x00002aac                __exit
 .text.DMA0_IRQHandler
                0x00002ab8        0x8 ./startup/startup_mk64f12.o
                0x00002ab8                DMA0_IRQHandler
 .text.DMA1_IRQHandler
                0x00002ac0        0x8 ./startup/startup_mk64f12.o
                0x00002ac0                DMA1_IRQHandler
 .text.DMA2_IRQHandler
                0x00002ac8        0x8 ./startup/startup_mk64f12.o
                0x00002ac8                DMA2_IRQHandler
 .text.DMA3_IRQHandler
                0x00002ad0        0x8 ./startup/startup_mk64f12.o
                0x00002ad0                DMA3_IRQHandler
 .text.DMA4_IRQHandler
                0x00002ad8        0x8 ./startup/startup_mk64f12.o
                0x00002ad8                DMA4_IRQHandler
 .text.DMA5_IRQHandler
                0x00002ae0        0x8 ./startup/startup_mk64f12.o
                0x00002ae0                DMA5_IRQHandler
 .text.DMA6_IRQHandler
                0x00002ae8        0x8 ./startup/startup_mk64f12.o
                0x00002ae8                DMA6_IRQHandler
 .text.DMA7_IRQHandler
                0x00002af0        0x8 ./startup/startup_mk64f12.o
                0x00002af0                DMA7_IRQHandler
 .text.DMA8_IRQHandler
                0x00002af8        0x8 ./startup/startup_mk64f12.o
                0x00002af8                DMA8_IRQHandler
 .text.DMA9_IRQHandler
                0x00002b00        0x8 ./startup/startup_mk64f12.o
                0x00002b00                DMA9_IRQHandler
 .text.DMA10_IRQHandler
                0x00002b08        0x8 ./startup/startup_mk64f12.o
                0x00002b08                DMA10_IRQHandler
 .text.DMA11_IRQHandler
                0x00002b10        0x8 ./startup/startup_mk64f12.o
                0x00002b10                DMA11_IRQHandler
 .text.DMA12_IRQHandler
                0x00002b18        0x8 ./startup/startup_mk64f12.o
                0x00002b18                DMA12_IRQHandler
 .text.DMA13_IRQHandler
                0x00002b20        0x8 ./startup/startup_mk64f12.o
                0x00002b20                DMA13_IRQHandler
 .text.DMA14_IRQHandler
                0x00002b28        0x8 ./startup/startup_mk64f12.o
                0x00002b28                DMA14_IRQHandler
 .text.DMA15_IRQHandler
                0x00002b30        0x8 ./startup/startup_mk64f12.o
                0x00002b30                DMA15_IRQHandler
 .text.DMA_Error_IRQHandler
                0x00002b38        0x8 ./startup/startup_mk64f12.o
                0x00002b38                DMA_Error_IRQHandler
 .text.MCM_IRQHandler
                0x00002b40        0x8 ./startup/startup_mk64f12.o
                0x00002b40                MCM_IRQHandler
 .text.FTFE_IRQHandler
                0x00002b48        0x8 ./startup/startup_mk64f12.o
                0x00002b48                FTFE_IRQHandler
 .text.Read_Collision_IRQHandler
                0x00002b50        0x8 ./startup/startup_mk64f12.o
                0x00002b50                Read_Collision_IRQHandler
 .text.LVD_LVW_IRQHandler
                0x00002b58        0x8 ./startup/startup_mk64f12.o
                0x00002b58                LVD_LVW_IRQHandler
 .text.LLWU_IRQHandler
                0x00002b60        0x8 ./startup/startup_mk64f12.o
                0x00002b60                LLWU_IRQHandler
 .text.WDOG_EWM_IRQHandler
                0x00002b68        0x8 ./startup/startup_mk64f12.o
                0x00002b68                WDOG_EWM_IRQHandler
 .text.RNG_IRQHandler
                0x00002b70        0x8 ./startup/startup_mk64f12.o
                0x00002b70                RNG_IRQHandler
 .text.I2C0_IRQHandler
                0x00002b78        0x8 ./startup/startup_mk64f12.o
                0x00002b78                I2C0_IRQHandler
 .text.I2C1_IRQHandler
                0x00002b80        0x8 ./startup/startup_mk64f12.o
                0x00002b80                I2C1_IRQHandler
 .text.SPI0_IRQHandler
                0x00002b88        0x8 ./startup/startup_mk64f12.o
                0x00002b88                SPI0_IRQHandler
 .text.SPI1_IRQHandler
                0x00002b90        0x8 ./startup/startup_mk64f12.o
                0x00002b90                SPI1_IRQHandler
 .text.I2S0_Tx_IRQHandler
                0x00002b98        0x8 ./startup/startup_mk64f12.o
                0x00002b98                I2S0_Tx_IRQHandler
 .text.I2S0_Rx_IRQHandler
                0x00002ba0        0x8 ./startup/startup_mk64f12.o
                0x00002ba0                I2S0_Rx_IRQHandler
 .text.UART0_LON_IRQHandler
                0x00002ba8        0x8 ./startup/startup_mk64f12.o
                0x00002ba8                UART0_LON_IRQHandler
 .text.UART0_RX_TX_IRQHandler
                0x00002bb0        0x8 ./startup/startup_mk64f12.o
                0x00002bb0                UART0_RX_TX_IRQHandler
 .text.UART0_ERR_IRQHandler
                0x00002bb8        0x8 ./startup/startup_mk64f12.o
                0x00002bb8                UART0_ERR_IRQHandler
 .text.UART1_RX_TX_IRQHandler
                0x00002bc0        0x8 ./startup/startup_mk64f12.o
                0x00002bc0                UART1_RX_TX_IRQHandler
 .text.UART1_ERR_IRQHandler
                0x00002bc8        0x8 ./startup/startup_mk64f12.o
                0x00002bc8                UART1_ERR_IRQHandler
 .text.UART2_RX_TX_IRQHandler
                0x00002bd0        0x8 ./startup/startup_mk64f12.o
                0x00002bd0                UART2_RX_TX_IRQHandler
 .text.UART2_ERR_IRQHandler
                0x00002bd8        0x8 ./startup/startup_mk64f12.o
                0x00002bd8                UART2_ERR_IRQHandler
 .text.UART3_RX_TX_IRQHandler
                0x00002be0        0x8 ./startup/startup_mk64f12.o
                0x00002be0                UART3_RX_TX_IRQHandler
 .text.UART3_ERR_IRQHandler
                0x00002be8        0x8 ./startup/startup_mk64f12.o
                0x00002be8                UART3_ERR_IRQHandler
 .text.ADC0_IRQHandler
                0x00002bf0        0x8 ./startup/startup_mk64f12.o
                0x00002bf0                ADC0_IRQHandler
 .text.CMP0_IRQHandler
                0x00002bf8        0x8 ./startup/startup_mk64f12.o
                0x00002bf8                CMP0_IRQHandler
 .text.CMP1_IRQHandler
                0x00002c00        0x8 ./startup/startup_mk64f12.o
                0x00002c00                CMP1_IRQHandler
 .text.FTM1_IRQHandler
                0x00002c08        0x8 ./startup/startup_mk64f12.o
                0x00002c08                FTM1_IRQHandler
 .text.FTM2_IRQHandler
                0x00002c10        0x8 ./startup/startup_mk64f12.o
                0x00002c10                FTM2_IRQHandler
 .text.CMT_IRQHandler
                0x00002c18        0x8 ./startup/startup_mk64f12.o
                0x00002c18                CMT_IRQHandler
 .text.RTC_IRQHandler
                0x00002c20        0x8 ./startup/startup_mk64f12.o
                0x00002c20                RTC_IRQHandler
 .text.RTC_Seconds_IRQHandler
                0x00002c28        0x8 ./startup/startup_mk64f12.o
                0x00002c28                RTC_Seconds_IRQHandler
 .text.PIT0_IRQHandler
                0x00002c30        0x8 ./startup/startup_mk64f12.o
                0x00002c30                PIT0_IRQHandler
 .text.PIT1_IRQHandler
                0x00002c38        0x8 ./startup/startup_mk64f12.o
                0x00002c38                PIT1_IRQHandler
 .text.PIT2_IRQHandler
                0x00002c40        0x8 ./startup/startup_mk64f12.o
                0x00002c40                PIT2_IRQHandler
 .text.PIT3_IRQHandler
                0x00002c48        0x8 ./startup/startup_mk64f12.o
                0x00002c48                PIT3_IRQHandler
 .text.PDB0_IRQHandler
                0x00002c50        0x8 ./startup/startup_mk64f12.o
                0x00002c50                PDB0_IRQHandler
 .text.USB0_IRQHandler
                0x00002c58        0x8 ./startup/startup_mk64f12.o
                0x00002c58                USB0_IRQHandler
 .text.USBDCD_IRQHandler
                0x00002c60        0x8 ./startup/startup_mk64f12.o
                0x00002c60                USBDCD_IRQHandler
 .text.Reserved71_IRQHandler
                0x00002c68        0x8 ./startup/startup_mk64f12.o
                0x00002c68                Reserved71_IRQHandler
 .text.DAC0_IRQHandler
                0x00002c70        0x8 ./startup/startup_mk64f12.o
                0x00002c70                DAC0_IRQHandler
 .text.MCG_IRQHandler
                0x00002c78        0x8 ./startup/startup_mk64f12.o
                0x00002c78                MCG_IRQHandler
 .text.LPTMR0_IRQHandler
                0x00002c80        0x8 ./startup/startup_mk64f12.o
                0x00002c80                LPTMR0_IRQHandler
 .text.PORTA_IRQHandler
                0x00002c88        0x8 ./startup/startup_mk64f12.o
                0x00002c88                PORTA_IRQHandler
 .text.PORTB_IRQHandler
                0x00002c90        0x8 ./startup/startup_mk64f12.o
                0x00002c90                PORTB_IRQHandler
 .text.PORTC_IRQHandler
                0x00002c98        0x8 ./startup/startup_mk64f12.o
                0x00002c98                PORTC_IRQHandler
 .text.PORTD_IRQHandler
                0x00002ca0        0x8 ./startup/startup_mk64f12.o
                0x00002ca0                PORTD_IRQHandler
 .text.PORTE_IRQHandler
                0x00002ca8        0x8 ./startup/startup_mk64f12.o
                0x00002ca8                PORTE_IRQHandler
 .text.SWI_IRQHandler
                0x00002cb0        0x8 ./startup/startup_mk64f12.o
                0x00002cb0                SWI_IRQHandler
 .text.SPI2_IRQHandler
                0x00002cb8        0x8 ./startup/startup_mk64f12.o
                0x00002cb8                SPI2_IRQHandler
 .text.UART4_RX_TX_IRQHandler
                0x00002cc0        0x8 ./startup/startup_mk64f12.o
                0x00002cc0                UART4_RX_TX_IRQHandler
 .text.UART4_ERR_IRQHandler
                0x00002cc8        0x8 ./startup/startup_mk64f12.o
                0x00002cc8                UART4_ERR_IRQHandler
 .text.UART5_RX_TX_IRQHandler
                0x00002cd0        0x8 ./startup/startup_mk64f12.o
                0x00002cd0                UART5_RX_TX_IRQHandler
 .text.UART5_ERR_IRQHandler
                0x00002cd8        0x8 ./startup/startup_mk64f12.o
                0x00002cd8                UART5_ERR_IRQHandler
 .text.CMP2_IRQHandler
                0x00002ce0        0x8 ./startup/startup_mk64f12.o
                0x00002ce0                CMP2_IRQHandler
 .text.FTM3_IRQHandler
                0x00002ce8        0x8 ./startup/startup_mk64f12.o
                0x00002ce8                FTM3_IRQHandler
 .text.DAC1_IRQHandler
                0x00002cf0        0x8 ./startup/startup_mk64f12.o
                0x00002cf0                DAC1_IRQHandler
 .text.ADC1_IRQHandler
                0x00002cf8        0x8 ./startup/startup_mk64f12.o
                0x00002cf8                ADC1_IRQHandler
 .text.I2C2_IRQHandler
                0x00002d00        0x8 ./startup/startup_mk64f12.o
                0x00002d00                I2C2_IRQHandler
 .text.CAN0_ORed_Message_buffer_IRQHandler
                0x00002d08        0x8 ./startup/startup_mk64f12.o
                0x00002d08                CAN0_ORed_Message_buffer_IRQHandler
 .text.CAN0_Bus_Off_IRQHandler
                0x00002d10        0x8 ./startup/startup_mk64f12.o
                0x00002d10                CAN0_Bus_Off_IRQHandler
 .text.CAN0_Error_IRQHandler
                0x00002d18        0x8 ./startup/startup_mk64f12.o
                0x00002d18                CAN0_Error_IRQHandler
 .text.CAN0_Tx_Warning_IRQHandler
                0x00002d20        0x8 ./startup/startup_mk64f12.o
                0x00002d20                CAN0_Tx_Warning_IRQHandler
 .text.CAN0_Rx_Warning_IRQHandler
                0x00002d28        0x8 ./startup/startup_mk64f12.o
                0x00002d28                CAN0_Rx_Warning_IRQHandler
 .text.CAN0_Wake_Up_IRQHandler
                0x00002d30        0x8 ./startup/startup_mk64f12.o
                0x00002d30                CAN0_Wake_Up_IRQHandler
 .text.SDHC_IRQHandler
                0x00002d38        0x8 ./startup/startup_mk64f12.o
                0x00002d38                SDHC_IRQHandler
 .text.ENET_1588_Timer_IRQHandler
                0x00002d40        0x8 ./startup/startup_mk64f12.o
                0x00002d40                ENET_1588_Timer_IRQHandler
 .text.ENET_Transmit_IRQHandler
                0x00002d48        0x8 ./startup/startup_mk64f12.o
                0x00002d48                ENET_Transmit_IRQHandler
 .text.ENET_Receive_IRQHandler
                0x00002d50        0x8 ./startup/startup_mk64f12.o
                0x00002d50                ENET_Receive_IRQHandler
 .text.ENET_Error_IRQHandler
                0x00002d58        0x8 ./startup/startup_mk64f12.o
                0x00002d58                ENET_Error_IRQHandler
 .text.HardFault_Handler
                0x00002d60       0x2c ./source/semihost_hardfault.o
                0x00002d60                HardFault_Handler
 .text.OSC_SetExtRefClkConfig
                0x00002d8c       0x34 ./drivers/fsl_clock.o
 .text.OSC_SetCapLoad
                0x00002dc0       0x34 ./drivers/fsl_clock.o
 .text.CLOCK_GetPll0RefFreq
                0x00002df4        0xe ./drivers/fsl_clock.o
 .text.CLOCK_GetFixedFreqClkFreq
                0x00002e02       0x34 ./drivers/fsl_clock.o
                0x00002e02                CLOCK_GetFixedFreqClkFreq
 .text.CLOCK_EnableClock
                0x00002e36       0x34 ./drivers/fsl_ftm.o
 .text.FTM_SetupInputCapture
                0x00002e6a       0xc4 ./drivers/fsl_ftm.o
                0x00002e6a                FTM_SetupInputCapture
 .text.FTM_EnableInterrupts
                0x00002f2e       0x88 ./drivers/fsl_ftm.o
                0x00002f2e                FTM_EnableInterrupts
 .text.FTM_GetStatusFlags
                0x00002fb6       0x62 ./drivers/fsl_ftm.o
                0x00002fb6                FTM_GetStatusFlags
 .text.FTM_ClearStatusFlags
                0x00003018       0x68 ./drivers/fsl_ftm.o
                0x00003018                FTM_ClearStatusFlags
 .text.CLOCK_EnableClock
                0x00003080       0x34 ./drivers/fsl_uart.o
 .text.UART0_RX_TX_DriverIRQHandler
                0x000030b4       0x12 ./drivers/fsl_uart.o
                0x000030b4                UART0_RX_TX_DriverIRQHandler
 .text.UART1_RX_TX_DriverIRQHandler
                0x000030c6       0x12 ./drivers/fsl_uart.o
                0x000030c6                UART1_RX_TX_DriverIRQHandler
 .text.UART2_RX_TX_DriverIRQHandler
                0x000030d8       0x12 ./drivers/fsl_uart.o
                0x000030d8                UART2_RX_TX_DriverIRQHandler
 .text.UART3_RX_TX_DriverIRQHandler
                0x000030ea       0x12 ./drivers/fsl_uart.o
                0x000030ea                UART3_RX_TX_DriverIRQHandler
 .text.UART4_RX_TX_DriverIRQHandler
                0x000030fc       0x12 ./drivers/fsl_uart.o
                0x000030fc                UART4_RX_TX_DriverIRQHandler
 .text.UART5_RX_TX_DriverIRQHandler
                0x0000310e       0x12 ./drivers/fsl_uart.o
                0x0000310e                UART5_RX_TX_DriverIRQHandler
 .text.SystemInitHook
                0x00003120        0xe ./device/system_MK64F12.o
                0x00003120                SystemInitHook
 .text.DbgConsole_Init
                0x0000312e       0x20 ./board/board.o
 .text.BOARD_InitDebugConsole
                0x0000314e       0x22 ./board/board.o
                0x0000314e                BOARD_InitDebugConsole
 .text.EnableIRQ
                0x00003170       0x2c ./board/peripherals.o
 .text.FTM_SetTimerPeriod
                0x0000319c       0x1c ./board/peripherals.o
 .text.FTM_StartTimer
                0x000031b8       0x3a ./board/peripherals.o
 .text.BOARD_InitPeripherals
                0x000031f2       0x10 ./board/peripherals.o
                0x000031f2                BOARD_InitPeripherals
 .text.BOARD_InitBootPeripherals
                0x00003202        0xc ./board/peripherals.o
                0x00003202                BOARD_InitBootPeripherals
 .text.CLOCK_EnableClock
                0x0000320e       0x34 ./board/pin_mux.o
 .text.PORT_SetPinMux
                0x00003242       0x3a ./board/pin_mux.o
 .text.__main   0x0000327c        0xe c:/nxp/mcuxpressoide_11.2.0_4120/ide/plugins/com.nxp.mcuxpresso.tools.win32_11.2.0.202001021529/tools/bin/../lib/gcc/arm-none-eabi/9.2.1/../../../../arm-none-eabi/lib/thumb/v7e-m+fp/hard\libcr_semihost_nf.a(_cr__main.o)
                0x0000327c                __CR_SEMIHOST
                0x0000327c                __main
 .text.memset   0x0000328a        0x4 c:/nxp/mcuxpressoide_11.2.0_4120/ide/plugins/com.nxp.mcuxpresso.tools.win32_11.2.0.202001021529/tools/bin/../lib/gcc/arm-none-eabi/9.2.1/../../../../arm-none-eabi/lib/thumb/v7e-m+fp/hard\libcr_c.a(memset.o)
                0x0000328a                memset
 .text.free     0x0000328e       0x30 c:/nxp/mcuxpressoide_11.2.0_4120/ide/plugins/com.nxp.mcuxpresso.tools.win32_11.2.0.202001021529/tools/bin/../lib/gcc/arm-none-eabi/9.2.1/../../../../arm-none-eabi/lib/thumb/v7e-m+fp/hard\libcr_c.a(alloc.o)
                0x0000328e                free
 .text.no_fp_display
                0x000032be        0x4 c:/nxp/mcuxpressoide_11.2.0_4120/ide/plugins/com.nxp.mcuxpresso.tools.win32_11.2.0.202001021529/tools/bin/../lib/gcc/arm-none-eabi/9.2.1/../../../../arm-none-eabi/lib/thumb/v7e-m+fp/hard\libcr_c.a(printf.o)
 .text.setvbuf  0x000032c2       0x3e c:/nxp/mcuxpressoide_11.2.0_4120/ide/plugins/com.nxp.mcuxpresso.tools.win32_11.2.0.202001021529/tools/bin/../lib/gcc/arm-none-eabi/9.2.1/../../../../arm-none-eabi/lib/thumb/v7e-m+fp/hard\libcr_c.a(setvbuf.o)
                0x000032c2                setvbuf
 .text.strlen   0x00003300       0x4c c:/nxp/mcuxpressoide_11.2.0_4120/ide/plugins/com.nxp.mcuxpresso.tools.win32_11.2.0.202001021529/tools/bin/../lib/gcc/arm-none-eabi/9.2.1/../../../../arm-none-eabi/lib/thumb/v7e-m+fp/hard\libcr_c.a(strlen.o)
                0x00003300                strlen
 .text._deferredlazyseek
                0x0000334c       0x40 c:/nxp/mcuxpressoide_11.2.0_4120/ide/plugins/com.nxp.mcuxpresso.tools.win32_11.2.0.202001021529/tools/bin/../lib/gcc/arm-none-eabi/9.2.1/../../../../arm-none-eabi/lib/thumb/v7e-m+fp/hard\libcr_c.a(_deferredlazyseek.o)
                0x0000334c                _deferredlazyseek
 .text.__flsbuf
                0x0000338c      0x140 c:/nxp/mcuxpressoide_11.2.0_4120/ide/plugins/com.nxp.mcuxpresso.tools.win32_11.2.0.202001021529/tools/bin/../lib/gcc/arm-none-eabi/9.2.1/../../../../arm-none-eabi/lib/thumb/v7e-m+fp/hard\libcr_c.a(_deferredlazyseek.o)
                0x0000338c                __flsbuf
 .text._fdopen  0x000034cc       0x68 c:/nxp/mcuxpressoide_11.2.0_4120/ide/plugins/com.nxp.mcuxpresso.tools.win32_11.2.0.202001021529/tools/bin/../lib/gcc/arm-none-eabi/9.2.1/../../../../arm-none-eabi/lib/thumb/v7e-m+fp/hard\libcr_c.a(_fdopen.o)
                0x000034cc                _fdopen
 .text._fflush  0x00003534       0x52 c:/nxp/mcuxpressoide_11.2.0_4120/ide/plugins/com.nxp.mcuxpresso.tools.win32_11.2.0.202001021529/tools/bin/../lib/gcc/arm-none-eabi/9.2.1/../../../../arm-none-eabi/lib/thumb/v7e-m+fp/hard\libcr_c.a(_fflush.o)
                0x00003534                _fflush
 .text.fclose   0x00003586       0x58 c:/nxp/mcuxpressoide_11.2.0_4120/ide/plugins/com.nxp.mcuxpresso.tools.win32_11.2.0.202001021529/tools/bin/../lib/gcc/arm-none-eabi/9.2.1/../../../../arm-none-eabi/lib/thumb/v7e-m+fp/hard\libcr_c.a(fclose.o)
                0x00003586                fclose
 .text.remove   0x000035de       0x14 c:/nxp/mcuxpressoide_11.2.0_4120/ide/plugins/com.nxp.mcuxpresso.tools.win32_11.2.0.202001021529/tools/bin/../lib/gcc/arm-none-eabi/9.2.1/../../../../arm-none-eabi/lib/thumb/v7e-m+fp/hard\libcr_c.a(remove.o)
                0x000035de                remove
 .text._do_fflush
                0x000035f2       0x40 c:/nxp/mcuxpressoide_11.2.0_4120/ide/plugins/com.nxp.mcuxpresso.tools.win32_11.2.0.202001021529/tools/bin/../lib/gcc/arm-none-eabi/9.2.1/../../../../arm-none-eabi/lib/thumb/v7e-m+fp/hard\libcr_c.a(_do_fflush.o)
                0x000035f2                _do_fflush
 .text.__aeabi_memset_lowlevel
                0x00003632       0x32 c:/nxp/mcuxpressoide_11.2.0_4120/ide/plugins/com.nxp.mcuxpresso.tools.win32_11.2.0.202001021529/tools/bin/../lib/gcc/arm-none-eabi/9.2.1/thumb/v7e-m+fp/hard\libcr_eabihelpers.a(memcpy.o)
                0x00003632                __aeabi_lowlevel_memset
 .text.__sys_close
                0x00003664        0xc c:/nxp/mcuxpressoide_11.2.0_4120/ide/plugins/com.nxp.mcuxpresso.tools.win32_11.2.0.202001021529/tools/bin/../lib/gcc/arm-none-eabi/9.2.1/../../../../arm-none-eabi/lib/thumb/v7e-m+fp/hard\libcr_semihost_nf.a(__sys_close.o)
                0x00003664                __sys_close
 .text.__sys_flen
                0x00003670        0xc c:/nxp/mcuxpressoide_11.2.0_4120/ide/plugins/com.nxp.mcuxpresso.tools.win32_11.2.0.202001021529/tools/bin/../lib/gcc/arm-none-eabi/9.2.1/../../../../arm-none-eabi/lib/thumb/v7e-m+fp/hard\libcr_semihost_nf.a(__sys_flen.o)
                0x00003670                __sys_flen
 .text.__sys_istty
                0x0000367c        0xc c:/nxp/mcuxpressoide_11.2.0_4120/ide/plugins/com.nxp.mcuxpresso.tools.win32_11.2.0.202001021529/tools/bin/../lib/gcc/arm-none-eabi/9.2.1/../../../../arm-none-eabi/lib/thumb/v7e-m+fp/hard\libcr_semihost_nf.a(__sys_istty.o)
                0x0000367c                __sys_istty
 .text.__sys_remove
                0x00003688        0xc c:/nxp/mcuxpressoide_11.2.0_4120/ide/plugins/com.nxp.mcuxpresso.tools.win32_11.2.0.202001021529/tools/bin/../lib/gcc/arm-none-eabi/9.2.1/../../../../arm-none-eabi/lib/thumb/v7e-m+fp/hard\libcr_semihost_nf.a(__sys_remove.o)
                0x00003688                __sys_remove
 .text.__sys_seek
                0x00003694        0xc c:/nxp/mcuxpressoide_11.2.0_4120/ide/plugins/com.nxp.mcuxpresso.tools.win32_11.2.0.202001021529/tools/bin/../lib/gcc/arm-none-eabi/9.2.1/../../../../arm-none-eabi/lib/thumb/v7e-m+fp/hard\libcr_semihost_nf.a(__sys_seek.o)
                0x00003694                __sys_seek
 .text.__sys_tmpnam
                0x000036a0        0xc c:/nxp/mcuxpressoide_11.2.0_4120/ide/plugins/com.nxp.mcuxpresso.tools.win32_11.2.0.202001021529/tools/bin/../lib/gcc/arm-none-eabi/9.2.1/../../../../arm-none-eabi/lib/thumb/v7e-m+fp/hard\libcr_semihost_nf.a(__sys_tmpnam.o)
                0x000036a0                __sys_tmpnam
 .text.__sys_write
                0x000036ac        0xc c:/nxp/mcuxpressoide_11.2.0_4120/ide/plugins/com.nxp.mcuxpresso.tools.win32_11.2.0.202001021529/tools/bin/../lib/gcc/arm-none-eabi/9.2.1/../../../../arm-none-eabi/lib/thumb/v7e-m+fp/hard\libcr_semihost_nf.a(__sys_write.o)
                0x000036ac                __sys_write
 *(SORT_BY_ALIGNMENT(.rodata) SORT_BY_ALIGNMENT(.rodata.*) SORT_BY_ALIGNMENT(.constdata) SORT_BY_ALIGNMENT(.constdata.*))
 .rodata.__assertion_failed.str1.4
                0x000036b8       0x14 ./utilities/fsl_assert.o
 .rodata.main.str1.4
                0x000036cc       0x32 ./source/main.o
 *fill*         0x000036fe        0x2 ff
 .rodata.CLOCK_GetMcgExtClkFreq.str1.4
                0x00003700       0x4e ./drivers/fsl_clock.o
 *fill*         0x0000374e        0x2 ff
 .rodata.CLOCK_GetOsc0ErClkFreq.str1.4
                0x00003750       0x1f ./drivers/fsl_clock.o
 *fill*         0x0000376f        0x1 ff
 .rodata.CLOCK_GetEr32kClkFreq.str1.4
                0x00003770       0x20 ./drivers/fsl_clock.o
 .rodata.CLOCK_GetPll0Freq.str1.4
                0x00003790       0x1e ./drivers/fsl_clock.o
 *fill*         0x000037ae        0x2 ff
 .rodata.CLOCK_EnablePll0.str1.4
                0x000037b0       0x1b ./drivers/fsl_clock.o
 *fill*         0x000037cb        0x1 ff
 .rodata.CLOCK_SetPbeMode.str1.4
                0x000037cc       0x1b ./drivers/fsl_clock.o
 *fill*         0x000037e7        0x1 ff
 .rodata.CLOCK_BootToPeeMode.str1.4
                0x000037e8       0x1b ./drivers/fsl_clock.o
 *fill*         0x00003803        0x1 ff
 .rodata.fllFactorTable.7941
                0x00003804       0x10 ./drivers/fsl_clock.o
 .rodata.s_ftmBases
                0x00003814       0x10 ./drivers/fsl_ftm.o
 .rodata.s_ftmClocks
                0x00003824       0x10 ./drivers/fsl_ftm.o
 .rodata.FTM_GetInstance.str1.4
                0x00003834       0x29 ./drivers/fsl_ftm.o
 *fill*         0x0000385d        0x3 ff
 .rodata.FTM_SetPwmSync.str1.4
                0x00003860       0x3b ./drivers/fsl_ftm.o
 *fill*         0x0000389b        0x1 ff
 .rodata.FTM_SetReloadPoints.str1.4
                0x0000389c       0x21 ./drivers/fsl_ftm.o
 *fill*         0x000038bd        0x3 ff
 .rodata.FTM_Init.str1.4
                0x000038c0       0x18 ./drivers/fsl_ftm.o
 .rodata.s_uartBases
                0x000038d8       0x18 ./drivers/fsl_uart.o
 .rodata.s_uartClock
                0x000038f0       0x18 ./drivers/fsl_uart.o
 .rodata.UART_GetInstance.str1.4
                0x00003908       0x2c ./drivers/fsl_uart.o
 .rodata.UART_Init.str1.4
                0x00003934       0xf4 ./drivers/fsl_uart.o
 .rodata.mcgConfig_BOARD_BootClockRUN
                0x00003a28        0xb ./board/clock_config.o
                0x00003a28                mcgConfig_BOARD_BootClockRUN
 *fill*         0x00003a33        0x1 ff
 .rodata.simConfig_BOARD_BootClockRUN
                0x00003a34        0x8 ./board/clock_config.o
                0x00003a34                simConfig_BOARD_BootClockRUN
 .rodata.oscConfig_BOARD_BootClockRUN
                0x00003a3c        0x8 ./board/clock_config.o
                0x00003a3c                oscConfig_BOARD_BootClockRUN
 .rodata.FTM0_config
                0x00003a44       0x1c ./board/peripherals.o
                0x00003a44                FTM0_config
 .rodata.UART0_config
                0x00003a60       0x10 ./board/peripherals.o
                0x00003a60                UART0_config
 .rodata.__num_Ciob_streams
                0x00003a70        0x4 c:/nxp/mcuxpressoide_11.2.0_4120/ide/plugins/com.nxp.mcuxpresso.tools.win32_11.2.0.202001021529/tools/bin/../lib/gcc/arm-none-eabi/9.2.1/../../../../arm-none-eabi/lib/thumb/v7e-m+fp/hard\libcr_semihost_nf.a(__ciob.o)
                0x00003a70                __num_Ciob_streams
 .rodata._Csys_alloc.str1.1
                0x00003a74       0x18 c:/nxp/mcuxpressoide_11.2.0_4120/ide/plugins/com.nxp.mcuxpresso.tools.win32_11.2.0.202001021529/tools/bin/../lib/gcc/arm-none-eabi/9.2.1/../../../../arm-none-eabi/lib/thumb/v7e-m+fp/hard\libcr_c.a(alloc.o)
 .rodata._initio.str1.1
                0x00003a8c        0x4 c:/nxp/mcuxpressoide_11.2.0_4120/ide/plugins/com.nxp.mcuxpresso.tools.win32_11.2.0.202001021529/tools/bin/../lib/gcc/arm-none-eabi/9.2.1/../../../../arm-none-eabi/lib/thumb/v7e-m+fp/hard\libcr_c.a(initio.o)
 .rodata.__vfprintf.str1.1
                0x00003a90       0x37 c:/nxp/mcuxpressoide_11.2.0_4120/ide/plugins/com.nxp.mcuxpresso.tools.win32_11.2.0.202001021529/tools/bin/../lib/gcc/arm-none-eabi/9.2.1/../../../../arm-none-eabi/lib/thumb/v7e-m+fp/hard\libcr_c.a(printf.o)
                                 0x38 (size before relaxing)
                0x00003ac8                . = ALIGN (0x8)
 *fill*         0x00003ac7        0x1 ff

.glue_7         0x00003ac8        0x0
 .glue_7        0x00003ac8        0x0 linker stubs

.glue_7t        0x00003ac8        0x0
 .glue_7t       0x00003ac8        0x0 linker stubs

.vfp11_veneer   0x00003ac8        0x0
 .vfp11_veneer  0x00003ac8        0x0 linker stubs

.v4_bx          0x00003ac8        0x0
 .v4_bx         0x00003ac8        0x0 linker stubs

.iplt           0x00003ac8        0x0
 .iplt          0x00003ac8        0x0 ./utilities/fsl_assert.o

.rel.dyn        0x00003ac8        0x0
 .rel.iplt      0x00003ac8        0x0 ./utilities/fsl_assert.o

.ARM.extab
 *(SORT_BY_ALIGNMENT(.ARM.extab*) SORT_BY_ALIGNMENT(.gnu.linkonce.armextab.*))

.ARM.exidx      0x00003ac8        0x0
                0x00003ac8                __exidx_start = .
 *(SORT_BY_ALIGNMENT(.ARM.exidx*) SORT_BY_ALIGNMENT(.gnu.linkonce.armexidx.*))
                0x00003ac8                __exidx_end = .
                0x00003ac8                _etext = .

.m_usb_data
 *(SORT_BY_ALIGNMENT(m_usb_bdt))

.data_RAM2      0x1fff0000        0x0 load address 0x00003ac8
 FILL mask 0xff
                [!provide]                PROVIDE (__start_data_RAM2 = .)
                [!provide]                PROVIDE (__start_data_SRAM_LOWER = .)
 *(SORT_BY_ALIGNMENT(.ramfunc.$RAM2))
 *(SORT_BY_ALIGNMENT(.ramfunc.$SRAM_LOWER))
 *(SORT_BY_ALIGNMENT(.data.$RAM2))
 *(SORT_BY_ALIGNMENT(.data.$SRAM_LOWER))
 *(SORT_BY_ALIGNMENT(.data.$RAM2.*))
 *(SORT_BY_ALIGNMENT(.data.$SRAM_LOWER.*))
                0x1fff0000                . = ALIGN (0x8)
                [!provide]                PROVIDE (__end_data_RAM2 = .)
                [!provide]                PROVIDE (__end_data_SRAM_LOWER = .)

.data_RAM3      0x14000000        0x0 load address 0x00003ac8
 FILL mask 0xff
                [!provide]                PROVIDE (__start_data_RAM3 = .)
                [!provide]                PROVIDE (__start_data_FLEX_RAM = .)
 *(SORT_BY_ALIGNMENT(.ramfunc.$RAM3))
 *(SORT_BY_ALIGNMENT(.ramfunc.$FLEX_RAM))
 *(SORT_BY_ALIGNMENT(.data.$RAM3))
 *(SORT_BY_ALIGNMENT(.data.$FLEX_RAM))
 *(SORT_BY_ALIGNMENT(.data.$RAM3.*))
 *(SORT_BY_ALIGNMENT(.data.$FLEX_RAM.*))
                0x14000000                . = ALIGN (0x8)
                [!provide]                PROVIDE (__end_data_RAM3 = .)
                [!provide]                PROVIDE (__end_data_FLEX_RAM = .)

.uninit_RESERVED
                0x20000000        0x0
                0x20000000                _start_uninit_RESERVED = .
 *(SORT_BY_ALIGNMENT(.bss.$RESERVED*))
                0x20000000                . = ALIGN (0x8)
                0x20000000                _end_uninit_RESERVED = .

.data           0x20000000       0x10 load address 0x00003ac8
 FILL mask 0xff
                0x20000000                _data = .
                [!provide]                PROVIDE (__start_data_RAM = .)
                [!provide]                PROVIDE (__start_data_SRAM_UPPER = .)
 *(SORT_BY_ALIGNMENT(vtable))
 *(SORT_BY_ALIGNMENT(.ramfunc*))
 *(SORT_BY_ALIGNMENT(CodeQuickAccess))
 *(SORT_BY_ALIGNMENT(DataQuickAccess))
 *(SORT_BY_ALIGNMENT(RamFunction))
 *(SORT_BY_ALIGNMENT(.data*))
 .data.s_slowIrcFreq
                0x20000000        0x4 ./drivers/fsl_clock.o
 .data.s_fastIrcFreq
                0x20000004        0x4 ./drivers/fsl_clock.o
 .data.SystemCoreClock
                0x20000008        0x4 ./device/system_MK64F12.o
                0x20000008                SystemCoreClock
 .data.counter  0x2000000c        0x1 ./source/main.o
                0x2000000c                counter
                0x20000010                . = ALIGN (0x8)
 *fill*         0x2000000d        0x3 ff
                0x20000010                _edata = .
                [!provide]                PROVIDE (__end_data_RAM = .)
                [!provide]                PROVIDE (__end_data_SRAM_UPPER = .)

.igot.plt       0x20000010        0x0 load address 0x00003ad8
 .igot.plt      0x20000010        0x0 ./utilities/fsl_assert.o

.bss_RAM2       0x1fff0000        0x0
                [!provide]                PROVIDE (__start_bss_RAM2 = .)
                [!provide]                PROVIDE (__start_bss_SRAM_LOWER = .)
 *(SORT_BY_ALIGNMENT(.bss.$RAM2))
 *(SORT_BY_ALIGNMENT(.bss.$SRAM_LOWER))
 *(SORT_BY_ALIGNMENT(.bss.$RAM2.*))
 *(SORT_BY_ALIGNMENT(.bss.$SRAM_LOWER.*))
                0x1fff0000                . = ALIGN ((. != 0x0)?0x8:0x1)
                [!provide]                PROVIDE (__end_bss_RAM2 = .)
                [!provide]                PROVIDE (__end_bss_SRAM_LOWER = .)

.bss_RAM3       0x14000000        0x0
                [!provide]                PROVIDE (__start_bss_RAM3 = .)
                [!provide]                PROVIDE (__start_bss_FLEX_RAM = .)
 *(SORT_BY_ALIGNMENT(.bss.$RAM3))
 *(SORT_BY_ALIGNMENT(.bss.$FLEX_RAM))
 *(SORT_BY_ALIGNMENT(.bss.$RAM3.*))
 *(SORT_BY_ALIGNMENT(.bss.$FLEX_RAM.*))
                0x14000000                . = ALIGN ((. != 0x0)?0x8:0x1)
                [!provide]                PROVIDE (__end_bss_RAM3 = .)
                [!provide]                PROVIDE (__end_bss_FLEX_RAM = .)

.bss            0x20000010       0xf0
                0x20000010                _bss = .
                [!provide]                PROVIDE (__start_bss_RAM = .)
                [!provide]                PROVIDE (__start_bss_SRAM_UPPER = .)
 *(SORT_BY_ALIGNMENT(.bss*))
 .bss.value1    0x20000010        0x4 ./source/main.o
                0x20000010                value1
 .bss.value2    0x20000014        0x4 ./source/main.o
                0x20000014                value2
 .bss.g_xtal0Freq
                0x20000018        0x4 ./drivers/fsl_clock.o
                0x20000018                g_xtal0Freq
 .bss.g_xtal32Freq
                0x2000001c        0x4 ./drivers/fsl_clock.o
                0x2000001c                g_xtal32Freq
 .bss.s_uartHandle
                0x20000020       0x18 ./drivers/fsl_uart.o
 .bss.s_uartIsr
                0x20000038        0x4 ./drivers/fsl_uart.o
 .bss.__end_of_heap
                0x2000003c        0x4 c:/nxp/mcuxpressoide_11.2.0_4120/ide/plugins/com.nxp.mcuxpresso.tools.win32_11.2.0.202001021529/tools/bin/../lib/gcc/arm-none-eabi/9.2.1/../../../../arm-none-eabi/lib/thumb/v7e-m+fp/hard\libcr_c.a(__init_alloc.o)
                0x2000003c                __end_of_heap
 .bss.__heaps   0x20000040        0x4 c:/nxp/mcuxpressoide_11.2.0_4120/ide/plugins/com.nxp.mcuxpresso.tools.win32_11.2.0.202001021529/tools/bin/../lib/gcc/arm-none-eabi/9.2.1/../../../../arm-none-eabi/lib/thumb/v7e-m+fp/hard\libcr_c.a(__init_alloc.o)
                0x20000040                __heaps
 .bss.errno     0x20000044        0x4 c:/nxp/mcuxpressoide_11.2.0_4120/ide/plugins/com.nxp.mcuxpresso.tools.win32_11.2.0.202001021529/tools/bin/../lib/gcc/arm-none-eabi/9.2.1/../../../../arm-none-eabi/lib/thumb/v7e-m+fp/hard\libcr_c.a(errno.o)
                0x20000044                errno
 .bss.__Ciob    0x20000048       0xb4 c:/nxp/mcuxpressoide_11.2.0_4120/ide/plugins/com.nxp.mcuxpresso.tools.win32_11.2.0.202001021529/tools/bin/../lib/gcc/arm-none-eabi/9.2.1/../../../../arm-none-eabi/lib/thumb/v7e-m+fp/hard\libcr_semihost_nf.a(__ciob.o)
                0x20000048                __Ciob
 .bss.ftmIsrFlag
                0x200000fc        0x1 ./source/main.o
                0x200000fc                ftmIsrFlag
 *(SORT_BY_ALIGNMENT(COMMON))
                0x20000100                . = ALIGN (0x8)
 *fill*         0x200000fd        0x3 
                0x20000100                _ebss = .
                [!provide]                PROVIDE (__end_bss_RAM = .)
                [!provide]                PROVIDE (__end_bss_SRAM_UPPER = .)
                [!provide]                PROVIDE (end = .)

.noinit_RAM2    0x1fff0000        0x0
                [!provide]                PROVIDE (__start_noinit_RAM2 = .)
                [!provide]                PROVIDE (__start_noinit_SRAM_LOWER = .)
 *(SORT_BY_ALIGNMENT(.noinit.$RAM2))
 *(SORT_BY_ALIGNMENT(.noinit.$SRAM_LOWER))
 *(SORT_BY_ALIGNMENT(.noinit.$RAM2.*))
 *(SORT_BY_ALIGNMENT(.noinit.$SRAM_LOWER.*))
                0x1fff0000                . = ALIGN (0x8)
                [!provide]                PROVIDE (__end_noinit_RAM2 = .)
                [!provide]                PROVIDE (__end_noinit_SRAM_LOWER = .)

.noinit_RAM3    0x14000000        0x0
                [!provide]                PROVIDE (__start_noinit_RAM3 = .)
                [!provide]                PROVIDE (__start_noinit_FLEX_RAM = .)
 *(SORT_BY_ALIGNMENT(.noinit.$RAM3))
 *(SORT_BY_ALIGNMENT(.noinit.$FLEX_RAM))
 *(SORT_BY_ALIGNMENT(.noinit.$RAM3.*))
 *(SORT_BY_ALIGNMENT(.noinit.$FLEX_RAM.*))
                0x14000000                . = ALIGN (0x8)
                [!provide]                PROVIDE (__end_noinit_RAM3 = .)
                [!provide]                PROVIDE (__end_noinit_FLEX_RAM = .)

.noinit         0x20000100        0x0
                0x20000100                _noinit = .
                [!provide]                PROVIDE (__start_noinit_RAM = .)
                [!provide]                PROVIDE (__start_noinit_SRAM_UPPER = .)
 *(SORT_BY_ALIGNMENT(.noinit*))
                0x20000100                . = ALIGN (0x8)
                0x20000100                _end_noinit = .
                [!provide]                PROVIDE (__end_noinit_RAM = .)
                [!provide]                PROVIDE (__end_noinit_SRAM_UPPER = .)
                0x00001000                _HeapSize = 0x1000

.heap           0x20000100     0x1000
                0x20000100                _pvHeapStart = .
                0x20001100                . = (. + _HeapSize)
 *fill*         0x20000100     0x1000 
                0x20001100                . = ALIGN (0x8)
                0x20001100                _pvHeapLimit = .
                0x00001000                _StackSize = 0x1000

.heap2stackfill
                0x20001100     0x1000
                0x20002100                . = (. + _StackSize)
 *fill*         0x20001100     0x1000 

.stack          0x2002f000        0x0
                0x2002f000                _vStackBase = .
                0x2002f000                . = ALIGN (0x8)
                0x20030000                _vStackTop = (. + _StackSize)
                0x00000000                _image_start = LOADADDR (.text)
                0x00003ad8                _image_end = (LOADADDR (.data) + SIZEOF (.data))
                0x00003ad8                _image_size = (_image_end - _image_start)
OUTPUT(k64f_ftm_input_capture.axf elf32-littlearm)

.debug_info     0x00000000     0x9e4d
 .debug_info    0x00000000      0x259 ./utilities/fsl_assert.o
 .debug_info    0x00000259      0x92e ./startup/startup_mk64f12.o
 .debug_info    0x00000b87      0xd2e ./source/main.o
 .debug_info    0x000018b5       0x3c ./source/semihost_hardfault.o
 .debug_info    0x000018f1     0x21ca ./drivers/fsl_clock.o
 .debug_info    0x00003abb     0x1655 ./drivers/fsl_ftm.o
 .debug_info    0x00005110     0x1cbb ./drivers/fsl_uart.o
 .debug_info    0x00006dcb      0x69f ./device/system_MK64F12.o
 .debug_info    0x0000746a      0x672 ./board/board.o
 .debug_info    0x00007adc      0xbff ./board/clock_config.o
 .debug_info    0x000086db     0x10d2 ./board/peripherals.o
 .debug_info    0x000097ad      0x6a0 ./board/pin_mux.o

.debug_abbrev   0x00000000     0x17c7
 .debug_abbrev  0x00000000       0xe9 ./utilities/fsl_assert.o
 .debug_abbrev  0x000000e9      0x17a ./startup/startup_mk64f12.o
 .debug_abbrev  0x00000263      0x236 ./source/main.o
 .debug_abbrev  0x00000499       0x31 ./source/semihost_hardfault.o
 .debug_abbrev  0x000004ca      0x371 ./drivers/fsl_clock.o
 .debug_abbrev  0x0000083b      0x2c2 ./drivers/fsl_ftm.o
 .debug_abbrev  0x00000afd      0x358 ./drivers/fsl_uart.o
 .debug_abbrev  0x00000e55      0x170 ./device/system_MK64F12.o
 .debug_abbrev  0x00000fc5      0x1a0 ./board/board.o
 .debug_abbrev  0x00001165      0x233 ./board/clock_config.o
 .debug_abbrev  0x00001398      0x274 ./board/peripherals.o
 .debug_abbrev  0x0000160c      0x1bb ./board/pin_mux.o

.debug_aranges  0x00000000      0x930
 .debug_aranges
                0x00000000       0x20 ./utilities/fsl_assert.o
 .debug_aranges
                0x00000020      0x330 ./startup/startup_mk64f12.o
 .debug_aranges
                0x00000350       0x30 ./source/main.o
 .debug_aranges
                0x00000380       0x20 ./source/semihost_hardfault.o
 .debug_aranges
                0x000003a0      0x1f8 ./drivers/fsl_clock.o
 .debug_aranges
                0x00000598       0xd8 ./drivers/fsl_ftm.o
 .debug_aranges
                0x00000670      0x180 ./drivers/fsl_uart.o
 .debug_aranges
                0x000007f0       0x30 ./device/system_MK64F12.o
 .debug_aranges
                0x00000820       0x28 ./board/board.o
 .debug_aranges
                0x00000848       0x58 ./board/clock_config.o
 .debug_aranges
                0x000008a0       0x58 ./board/peripherals.o
 .debug_aranges
                0x000008f8       0x38 ./board/pin_mux.o

.debug_ranges   0x00000000      0x870
 .debug_ranges  0x00000000       0x10 ./utilities/fsl_assert.o
 .debug_ranges  0x00000010      0x320 ./startup/startup_mk64f12.o
 .debug_ranges  0x00000330       0x20 ./source/main.o
 .debug_ranges  0x00000350       0x10 ./source/semihost_hardfault.o
 .debug_ranges  0x00000360      0x1e8 ./drivers/fsl_clock.o
 .debug_ranges  0x00000548       0xc8 ./drivers/fsl_ftm.o
 .debug_ranges  0x00000610      0x170 ./drivers/fsl_uart.o
 .debug_ranges  0x00000780       0x20 ./device/system_MK64F12.o
 .debug_ranges  0x000007a0       0x18 ./board/board.o
 .debug_ranges  0x000007b8       0x48 ./board/clock_config.o
 .debug_ranges  0x00000800       0x48 ./board/peripherals.o
 .debug_ranges  0x00000848       0x28 ./board/pin_mux.o

.debug_macro    0x00000000    0x131b0
 .debug_macro   0x00000000      0x13c ./utilities/fsl_assert.o
 .debug_macro   0x0000013c      0xae4 ./utilities/fsl_assert.o
 .debug_macro   0x00000c20       0x10 ./utilities/fsl_assert.o
 .debug_macro   0x00000c30       0x1c ./utilities/fsl_assert.o
 .debug_macro   0x00000c4c       0x22 ./utilities/fsl_assert.o
 .debug_macro   0x00000c6e      0x12e ./utilities/fsl_assert.o
 .debug_macro   0x00000d9c      0x5b3 ./utilities/fsl_assert.o
 .debug_macro   0x0000134f       0x22 ./utilities/fsl_assert.o
 .debug_macro   0x00001371       0x10 ./utilities/fsl_assert.o
 .debug_macro   0x00001381       0x57 ./utilities/fsl_assert.o
 .debug_macro   0x000013d8       0x1c ./utilities/fsl_assert.o
 .debug_macro   0x000013f4       0x22 ./utilities/fsl_assert.o
 .debug_macro   0x00001416      0x101 ./utilities/fsl_assert.o
 .debug_macro   0x00001517      0xeeb ./utilities/fsl_assert.o
 .debug_macro   0x00002402       0x40 ./utilities/fsl_assert.o
 .debug_macro   0x00002442     0xe977 ./utilities/fsl_assert.o
 .debug_macro   0x00010db9     0x1294 ./utilities/fsl_assert.o
 .debug_macro   0x0001204d       0xd7 ./utilities/fsl_assert.o
 .debug_macro   0x00012124      0x174 ./utilities/fsl_assert.o
 .debug_macro   0x00012298       0x2e ./utilities/fsl_assert.o
 .debug_macro   0x000122c6       0x2e ./utilities/fsl_assert.o
 .debug_macro   0x000122f4       0x47 ./utilities/fsl_assert.o
 .debug_macro   0x0001233b       0x16 ./utilities/fsl_assert.o
 .debug_macro   0x00012351       0xd2 ./utilities/fsl_assert.o
 .debug_macro   0x00012423       0x1c ./utilities/fsl_assert.o
 .debug_macro   0x0001243f       0x29 ./startup/startup_mk64f12.o
 .debug_macro   0x00012468      0x1a6 ./source/main.o
 .debug_macro   0x0001260e       0x1c ./source/main.o
 .debug_macro   0x0001262a       0x16 ./source/main.o
 .debug_macro   0x00012640       0x16 ./source/main.o
 .debug_macro   0x00012656      0x1a4 ./source/main.o
 .debug_macro   0x000127fa       0x10 ./source/main.o
 .debug_macro   0x0001280a       0x34 ./source/main.o
 .debug_macro   0x0001283e       0x11 ./source/semihost_hardfault.o
 .debug_macro   0x0001284f      0x1ba ./drivers/fsl_clock.o
 .debug_macro   0x00012a09      0x104 ./drivers/fsl_ftm.o
 .debug_macro   0x00012b0d      0x109 ./drivers/fsl_uart.o
 .debug_macro   0x00012c16       0x10 ./drivers/fsl_uart.o
 .debug_macro   0x00012c26       0x98 ./device/system_MK64F12.o
 .debug_macro   0x00012cbe      0x16c ./board/board.o
 .debug_macro   0x00012e2a       0x16 ./board/board.o
 .debug_macro   0x00012e40      0x135 ./board/clock_config.o
 .debug_macro   0x00012f75      0x113 ./board/peripherals.o
 .debug_macro   0x00013088       0x28 ./board/peripherals.o
 .debug_macro   0x000130b0      0x100 ./board/pin_mux.o

.debug_line     0x00000000     0x61e7
 .debug_line    0x00000000      0x4a1 ./utilities/fsl_assert.o
 .debug_line    0x000004a1      0x90e ./startup/startup_mk64f12.o
 .debug_line    0x00000daf      0x650 ./source/main.o
 .debug_line    0x000013ff       0x59 ./source/semihost_hardfault.o
 .debug_line    0x00001458     0x14d8 ./drivers/fsl_clock.o
 .debug_line    0x00002930      0xf08 ./drivers/fsl_ftm.o
 .debug_line    0x00003838     0x1352 ./drivers/fsl_uart.o
 .debug_line    0x00004b8a      0x3f9 ./device/system_MK64F12.o
 .debug_line    0x00004f83      0x548 ./board/board.o
 .debug_line    0x000054cb      0x47c ./board/clock_config.o
 .debug_line    0x00005947      0x49d ./board/peripherals.o
 .debug_line    0x00005de4      0x403 ./board/pin_mux.o

.debug_str      0x00000000    0x804a4
 .debug_str     0x00000000    0x79b47 ./utilities/fsl_assert.o
                              0x79bf1 (size before relaxing)
 .debug_str     0x00079b47      0x7e4 ./startup/startup_mk64f12.o
                               0x3784 (size before relaxing)
 .debug_str     0x0007a32b     0x2054 ./source/main.o
                              0x7bc70 (size before relaxing)
 .debug_str     0x0007c37f       0x1f ./source/semihost_hardfault.o
                               0x2f15 (size before relaxing)
 .debug_str     0x0007c39e     0x1b4c ./drivers/fsl_clock.o
                              0x7b986 (size before relaxing)
 .debug_str     0x0007deea      0xa66 ./drivers/fsl_ftm.o
                              0x7ad5d (size before relaxing)
 .debug_str     0x0007e950     0x1344 ./drivers/fsl_uart.o
                              0x7b1fa (size before relaxing)
 .debug_str     0x0007fc94      0x117 ./device/system_MK64F12.o
                              0x783c6 (size before relaxing)
 .debug_str     0x0007fdab       0xc4 ./board/board.o
                              0x7ad72 (size before relaxing)
 .debug_str     0x0007fe6f      0x306 ./board/clock_config.o
                              0x7a2ff (size before relaxing)
 .debug_str     0x00080175      0x1b8 ./board/peripherals.o
                              0x7ac5a (size before relaxing)
 .debug_str     0x0008032d      0x177 ./board/pin_mux.o
                              0x798ce (size before relaxing)

.comment        0x00000000       0x79
 .comment       0x00000000       0x79 ./utilities/fsl_assert.o
                                 0x7a (size before relaxing)
 .comment       0x00000079       0x7a ./startup/startup_mk64f12.o
 .comment       0x00000079       0x7a ./source/main.o
 .comment       0x00000079       0x7a ./source/semihost_hardfault.o
 .comment       0x00000079       0x7a ./drivers/fsl_clock.o
 .comment       0x00000079       0x7a ./drivers/fsl_ftm.o
 .comment       0x00000079       0x7a ./drivers/fsl_uart.o
 .comment       0x00000079       0x7a ./device/system_MK64F12.o
 .comment       0x00000079       0x7a ./board/board.o
 .comment       0x00000079       0x7a ./board/clock_config.o
 .comment       0x00000079       0x7a ./board/peripherals.o
 .comment       0x00000079       0x7a ./board/pin_mux.o
 .comment       0x00000079       0x7a c:/nxp/mcuxpressoide_11.2.0_4120/ide/plugins/com.nxp.mcuxpresso.tools.win32_11.2.0.202001021529/tools/bin/../lib/gcc/arm-none-eabi/9.2.1/../../../../arm-none-eabi/lib/thumb/v7e-m+fp/hard\libcr_semihost_nf.a(_cr__main.o)
 .comment       0x00000079       0x7a c:/nxp/mcuxpressoide_11.2.0_4120/ide/plugins/com.nxp.mcuxpresso.tools.win32_11.2.0.202001021529/tools/bin/../lib/gcc/arm-none-eabi/9.2.1/../../../../arm-none-eabi/lib/thumb/v7e-m+fp/hard\libcr_c.a(memset.o)
 .comment       0x00000079       0x7a c:/nxp/mcuxpressoide_11.2.0_4120/ide/plugins/com.nxp.mcuxpresso.tools.win32_11.2.0.202001021529/tools/bin/../lib/gcc/arm-none-eabi/9.2.1/../../../../arm-none-eabi/lib/thumb/v7e-m+fp/hard\libcr_c.a(alloc.o)
 .comment       0x00000079       0x7a c:/nxp/mcuxpressoide_11.2.0_4120/ide/plugins/com.nxp.mcuxpresso.tools.win32_11.2.0.202001021529/tools/bin/../lib/gcc/arm-none-eabi/9.2.1/../../../../arm-none-eabi/lib/thumb/v7e-m+fp/hard\libcr_c.a(initio.o)
 .comment       0x00000079       0x7a c:/nxp/mcuxpressoide_11.2.0_4120/ide/plugins/com.nxp.mcuxpresso.tools.win32_11.2.0.202001021529/tools/bin/../lib/gcc/arm-none-eabi/9.2.1/../../../../arm-none-eabi/lib/thumb/v7e-m+fp/hard\libcr_c.a(printf.o)
 .comment       0x00000079       0x7a c:/nxp/mcuxpressoide_11.2.0_4120/ide/plugins/com.nxp.mcuxpresso.tools.win32_11.2.0.202001021529/tools/bin/../lib/gcc/arm-none-eabi/9.2.1/../../../../arm-none-eabi/lib/thumb/v7e-m+fp/hard\libcr_c.a(setvbuf.o)
 .comment       0x00000079       0x7a c:/nxp/mcuxpressoide_11.2.0_4120/ide/plugins/com.nxp.mcuxpresso.tools.win32_11.2.0.202001021529/tools/bin/../lib/gcc/arm-none-eabi/9.2.1/../../../../arm-none-eabi/lib/thumb/v7e-m+fp/hard\libcr_c.a(strlen.o)
 .comment       0x00000079       0x7a c:/nxp/mcuxpressoide_11.2.0_4120/ide/plugins/com.nxp.mcuxpresso.tools.win32_11.2.0.202001021529/tools/bin/../lib/gcc/arm-none-eabi/9.2.1/../../../../arm-none-eabi/lib/thumb/v7e-m+fp/hard\libcr_c.a(__init_alloc.o)
 .comment       0x00000079       0x7a c:/nxp/mcuxpressoide_11.2.0_4120/ide/plugins/com.nxp.mcuxpresso.tools.win32_11.2.0.202001021529/tools/bin/../lib/gcc/arm-none-eabi/9.2.1/../../../../arm-none-eabi/lib/thumb/v7e-m+fp/hard\libcr_c.a(_cr_sbrk.o)
 .comment       0x00000079       0x7a c:/nxp/mcuxpressoide_11.2.0_4120/ide/plugins/com.nxp.mcuxpresso.tools.win32_11.2.0.202001021529/tools/bin/../lib/gcc/arm-none-eabi/9.2.1/../../../../arm-none-eabi/lib/thumb/v7e-m+fp/hard\libcr_c.a(_deferredlazyseek.o)
 .comment       0x00000079       0x7a c:/nxp/mcuxpressoide_11.2.0_4120/ide/plugins/com.nxp.mcuxpresso.tools.win32_11.2.0.202001021529/tools/bin/../lib/gcc/arm-none-eabi/9.2.1/../../../../arm-none-eabi/lib/thumb/v7e-m+fp/hard\libcr_c.a(_fdopen.o)
 .comment       0x00000079       0x7a c:/nxp/mcuxpressoide_11.2.0_4120/ide/plugins/com.nxp.mcuxpresso.tools.win32_11.2.0.202001021529/tools/bin/../lib/gcc/arm-none-eabi/9.2.1/../../../../arm-none-eabi/lib/thumb/v7e-m+fp/hard\libcr_c.a(_fflush.o)
 .comment       0x00000079       0x7a c:/nxp/mcuxpressoide_11.2.0_4120/ide/plugins/com.nxp.mcuxpresso.tools.win32_11.2.0.202001021529/tools/bin/../lib/gcc/arm-none-eabi/9.2.1/../../../../arm-none-eabi/lib/thumb/v7e-m+fp/hard\libcr_c.a(_writebuf.o)
 .comment       0x00000079       0x7a c:/nxp/mcuxpressoide_11.2.0_4120/ide/plugins/com.nxp.mcuxpresso.tools.win32_11.2.0.202001021529/tools/bin/../lib/gcc/arm-none-eabi/9.2.1/../../../../arm-none-eabi/lib/thumb/v7e-m+fp/hard\libcr_c.a(errno.o)
 .comment       0x00000079       0x7a c:/nxp/mcuxpressoide_11.2.0_4120/ide/plugins/com.nxp.mcuxpresso.tools.win32_11.2.0.202001021529/tools/bin/../lib/gcc/arm-none-eabi/9.2.1/../../../../arm-none-eabi/lib/thumb/v7e-m+fp/hard\libcr_c.a(fclose.o)
 .comment       0x00000079       0x7a c:/nxp/mcuxpressoide_11.2.0_4120/ide/plugins/com.nxp.mcuxpresso.tools.win32_11.2.0.202001021529/tools/bin/../lib/gcc/arm-none-eabi/9.2.1/../../../../arm-none-eabi/lib/thumb/v7e-m+fp/hard\libcr_c.a(fflush.o)
 .comment       0x00000079       0x7a c:/nxp/mcuxpressoide_11.2.0_4120/ide/plugins/com.nxp.mcuxpresso.tools.win32_11.2.0.202001021529/tools/bin/../lib/gcc/arm-none-eabi/9.2.1/../../../../arm-none-eabi/lib/thumb/v7e-m+fp/hard\libcr_c.a(fseek.o)
 .comment       0x00000079       0x7a c:/nxp/mcuxpressoide_11.2.0_4120/ide/plugins/com.nxp.mcuxpresso.tools.win32_11.2.0.202001021529/tools/bin/../lib/gcc/arm-none-eabi/9.2.1/../../../../arm-none-eabi/lib/thumb/v7e-m+fp/hard\libcr_c.a(ftell.o)
 .comment       0x00000079       0x7a c:/nxp/mcuxpressoide_11.2.0_4120/ide/plugins/com.nxp.mcuxpresso.tools.win32_11.2.0.202001021529/tools/bin/../lib/gcc/arm-none-eabi/9.2.1/../../../../arm-none-eabi/lib/thumb/v7e-m+fp/hard\libcr_c.a(remove.o)
 .comment       0x00000079       0x7a c:/nxp/mcuxpressoide_11.2.0_4120/ide/plugins/com.nxp.mcuxpresso.tools.win32_11.2.0.202001021529/tools/bin/../lib/gcc/arm-none-eabi/9.2.1/../../../../arm-none-eabi/lib/thumb/v7e-m+fp/hard\libcr_c.a(_cr_check_heap.o)
 .comment       0x00000079       0x7a c:/nxp/mcuxpressoide_11.2.0_4120/ide/plugins/com.nxp.mcuxpresso.tools.win32_11.2.0.202001021529/tools/bin/../lib/gcc/arm-none-eabi/9.2.1/../../../../arm-none-eabi/lib/thumb/v7e-m+fp/hard\libcr_c.a(_do_fflush.o)
 .comment       0x00000079       0x7a c:/nxp/mcuxpressoide_11.2.0_4120/ide/plugins/com.nxp.mcuxpresso.tools.win32_11.2.0.202001021529/tools/bin/../lib/gcc/arm-none-eabi/9.2.1/../../../../arm-none-eabi/lib/thumb/v7e-m+fp/hard\libcr_semihost_nf.a(__ciob.o)

.ARM.attributes
                0x00000000       0x32
 .ARM.attributes
                0x00000000       0x34 ./utilities/fsl_assert.o
 .ARM.attributes
                0x00000034       0x34 ./startup/startup_mk64f12.o
 .ARM.attributes
                0x00000068       0x34 ./source/main.o
 .ARM.attributes
                0x0000009c       0x34 ./source/semihost_hardfault.o
 .ARM.attributes
                0x000000d0       0x34 ./drivers/fsl_clock.o
 .ARM.attributes
                0x00000104       0x34 ./drivers/fsl_ftm.o
 .ARM.attributes
                0x00000138       0x34 ./drivers/fsl_uart.o
 .ARM.attributes
                0x0000016c       0x34 ./device/system_MK64F12.o
 .ARM.attributes
                0x000001a0       0x34 ./board/board.o
 .ARM.attributes
                0x000001d4       0x34 ./board/clock_config.o
 .ARM.attributes
                0x00000208       0x34 ./board/peripherals.o
 .ARM.attributes
                0x0000023c       0x34 ./board/pin_mux.o
 .ARM.attributes
                0x00000270       0x34 c:/nxp/mcuxpressoide_11.2.0_4120/ide/plugins/com.nxp.mcuxpresso.tools.win32_11.2.0.202001021529/tools/bin/../lib/gcc/arm-none-eabi/9.2.1/../../../../arm-none-eabi/lib/thumb/v7e-m+fp/hard\libcr_semihost_nf.a(_cr__main.o)
 .ARM.attributes
                0x000002a4       0x34 c:/nxp/mcuxpressoide_11.2.0_4120/ide/plugins/com.nxp.mcuxpresso.tools.win32_11.2.0.202001021529/tools/bin/../lib/gcc/arm-none-eabi/9.2.1/../../../../arm-none-eabi/lib/thumb/v7e-m+fp/hard\libcr_c.a(memset.o)
 .ARM.attributes
                0x000002d8       0x34 c:/nxp/mcuxpressoide_11.2.0_4120/ide/plugins/com.nxp.mcuxpresso.tools.win32_11.2.0.202001021529/tools/bin/../lib/gcc/arm-none-eabi/9.2.1/../../../../arm-none-eabi/lib/thumb/v7e-m+fp/hard\libcr_c.a(alloc.o)
 .ARM.attributes
                0x0000030c       0x34 c:/nxp/mcuxpressoide_11.2.0_4120/ide/plugins/com.nxp.mcuxpresso.tools.win32_11.2.0.202001021529/tools/bin/../lib/gcc/arm-none-eabi/9.2.1/../../../../arm-none-eabi/lib/thumb/v7e-m+fp/hard\libcr_c.a(initio.o)
 .ARM.attributes
                0x00000340       0x34 c:/nxp/mcuxpressoide_11.2.0_4120/ide/plugins/com.nxp.mcuxpresso.tools.win32_11.2.0.202001021529/tools/bin/../lib/gcc/arm-none-eabi/9.2.1/../../../../arm-none-eabi/lib/thumb/v7e-m+fp/hard\libcr_c.a(printf.o)
 .ARM.attributes
                0x00000374       0x34 c:/nxp/mcuxpressoide_11.2.0_4120/ide/plugins/com.nxp.mcuxpresso.tools.win32_11.2.0.202001021529/tools/bin/../lib/gcc/arm-none-eabi/9.2.1/../../../../arm-none-eabi/lib/thumb/v7e-m+fp/hard\libcr_c.a(setvbuf.o)
 .ARM.attributes
                0x000003a8       0x34 c:/nxp/mcuxpressoide_11.2.0_4120/ide/plugins/com.nxp.mcuxpresso.tools.win32_11.2.0.202001021529/tools/bin/../lib/gcc/arm-none-eabi/9.2.1/../../../../arm-none-eabi/lib/thumb/v7e-m+fp/hard\libcr_c.a(strlen.o)
 .ARM.attributes
                0x000003dc       0x34 c:/nxp/mcuxpressoide_11.2.0_4120/ide/plugins/com.nxp.mcuxpresso.tools.win32_11.2.0.202001021529/tools/bin/../lib/gcc/arm-none-eabi/9.2.1/../../../../arm-none-eabi/lib/thumb/v7e-m+fp/hard\libcr_c.a(__init_alloc.o)
 .ARM.attributes
                0x00000410       0x34 c:/nxp/mcuxpressoide_11.2.0_4120/ide/plugins/com.nxp.mcuxpresso.tools.win32_11.2.0.202001021529/tools/bin/../lib/gcc/arm-none-eabi/9.2.1/../../../../arm-none-eabi/lib/thumb/v7e-m+fp/hard\libcr_c.a(_cr_sbrk.o)
 .ARM.attributes
                0x00000444       0x34 c:/nxp/mcuxpressoide_11.2.0_4120/ide/plugins/com.nxp.mcuxpresso.tools.win32_11.2.0.202001021529/tools/bin/../lib/gcc/arm-none-eabi/9.2.1/../../../../arm-none-eabi/lib/thumb/v7e-m+fp/hard\libcr_c.a(_deferredlazyseek.o)
 .ARM.attributes
                0x00000478       0x34 c:/nxp/mcuxpressoide_11.2.0_4120/ide/plugins/com.nxp.mcuxpresso.tools.win32_11.2.0.202001021529/tools/bin/../lib/gcc/arm-none-eabi/9.2.1/../../../../arm-none-eabi/lib/thumb/v7e-m+fp/hard\libcr_c.a(_fdopen.o)
 .ARM.attributes
                0x000004ac       0x34 c:/nxp/mcuxpressoide_11.2.0_4120/ide/plugins/com.nxp.mcuxpresso.tools.win32_11.2.0.202001021529/tools/bin/../lib/gcc/arm-none-eabi/9.2.1/../../../../arm-none-eabi/lib/thumb/v7e-m+fp/hard\libcr_c.a(_fflush.o)
 .ARM.attributes
                0x000004e0       0x34 c:/nxp/mcuxpressoide_11.2.0_4120/ide/plugins/com.nxp.mcuxpresso.tools.win32_11.2.0.202001021529/tools/bin/../lib/gcc/arm-none-eabi/9.2.1/../../../../arm-none-eabi/lib/thumb/v7e-m+fp/hard\libcr_c.a(_writebuf.o)
 .ARM.attributes
                0x00000514       0x39 c:/nxp/mcuxpressoide_11.2.0_4120/ide/plugins/com.nxp.mcuxpresso.tools.win32_11.2.0.202001021529/tools/bin/../lib/gcc/arm-none-eabi/9.2.1/../../../../arm-none-eabi/lib/thumb/v7e-m+fp/hard\libcr_c.a(errno.o)
 .ARM.attributes
                0x0000054d       0x34 c:/nxp/mcuxpressoide_11.2.0_4120/ide/plugins/com.nxp.mcuxpresso.tools.win32_11.2.0.202001021529/tools/bin/../lib/gcc/arm-none-eabi/9.2.1/../../../../arm-none-eabi/lib/thumb/v7e-m+fp/hard\libcr_c.a(fclose.o)
 .ARM.attributes
                0x00000581       0x34 c:/nxp/mcuxpressoide_11.2.0_4120/ide/plugins/com.nxp.mcuxpresso.tools.win32_11.2.0.202001021529/tools/bin/../lib/gcc/arm-none-eabi/9.2.1/../../../../arm-none-eabi/lib/thumb/v7e-m+fp/hard\libcr_c.a(fflush.o)
 .ARM.attributes
                0x000005b5       0x34 c:/nxp/mcuxpressoide_11.2.0_4120/ide/plugins/com.nxp.mcuxpresso.tools.win32_11.2.0.202001021529/tools/bin/../lib/gcc/arm-none-eabi/9.2.1/../../../../arm-none-eabi/lib/thumb/v7e-m+fp/hard\libcr_c.a(fseek.o)
 .ARM.attributes
                0x000005e9       0x34 c:/nxp/mcuxpressoide_11.2.0_4120/ide/plugins/com.nxp.mcuxpresso.tools.win32_11.2.0.202001021529/tools/bin/../lib/gcc/arm-none-eabi/9.2.1/../../../../arm-none-eabi/lib/thumb/v7e-m+fp/hard\libcr_c.a(ftell.o)
 .ARM.attributes
                0x0000061d       0x34 c:/nxp/mcuxpressoide_11.2.0_4120/ide/plugins/com.nxp.mcuxpresso.tools.win32_11.2.0.202001021529/tools/bin/../lib/gcc/arm-none-eabi/9.2.1/../../../../arm-none-eabi/lib/thumb/v7e-m+fp/hard\libcr_c.a(remove.o)
 .ARM.attributes
                0x00000651       0x34 c:/nxp/mcuxpressoide_11.2.0_4120/ide/plugins/com.nxp.mcuxpresso.tools.win32_11.2.0.202001021529/tools/bin/../lib/gcc/arm-none-eabi/9.2.1/../../../../arm-none-eabi/lib/thumb/v7e-m+fp/hard\libcr_c.a(_cr_check_heap.o)
 .ARM.attributes
                0x00000685       0x34 c:/nxp/mcuxpressoide_11.2.0_4120/ide/plugins/com.nxp.mcuxpresso.tools.win32_11.2.0.202001021529/tools/bin/../lib/gcc/arm-none-eabi/9.2.1/../../../../arm-none-eabi/lib/thumb/v7e-m+fp/hard\libcr_c.a(_do_fflush.o)
 .ARM.attributes
                0x000006b9       0x20 c:/nxp/mcuxpressoide_11.2.0_4120/ide/plugins/com.nxp.mcuxpresso.tools.win32_11.2.0.202001021529/tools/bin/../lib/gcc/arm-none-eabi/9.2.1/thumb/v7e-m+fp/hard\libcr_eabihelpers.a(memcpy.o)
 .ARM.attributes
                0x000006d9       0x39 c:/nxp/mcuxpressoide_11.2.0_4120/ide/plugins/com.nxp.mcuxpresso.tools.win32_11.2.0.202001021529/tools/bin/../lib/gcc/arm-none-eabi/9.2.1/../../../../arm-none-eabi/lib/thumb/v7e-m+fp/hard\libcr_semihost_nf.a(__ciob.o)
 .ARM.attributes
                0x00000712       0x20 c:/nxp/mcuxpressoide_11.2.0_4120/ide/plugins/com.nxp.mcuxpresso.tools.win32_11.2.0.202001021529/tools/bin/../lib/gcc/arm-none-eabi/9.2.1/../../../../arm-none-eabi/lib/thumb/v7e-m+fp/hard\libcr_semihost_nf.a(__sys_appexit.o)
 .ARM.attributes
                0x00000732       0x20 c:/nxp/mcuxpressoide_11.2.0_4120/ide/plugins/com.nxp.mcuxpresso.tools.win32_11.2.0.202001021529/tools/bin/../lib/gcc/arm-none-eabi/9.2.1/../../../../arm-none-eabi/lib/thumb/v7e-m+fp/hard\libcr_semihost_nf.a(__sys_close.o)
 .ARM.attributes
                0x00000752       0x20 c:/nxp/mcuxpressoide_11.2.0_4120/ide/plugins/com.nxp.mcuxpresso.tools.win32_11.2.0.202001021529/tools/bin/../lib/gcc/arm-none-eabi/9.2.1/../../../../arm-none-eabi/lib/thumb/v7e-m+fp/hard\libcr_semihost_nf.a(__sys_flen.o)
 .ARM.attributes
                0x00000772       0x20 c:/nxp/mcuxpressoide_11.2.0_4120/ide/plugins/com.nxp.mcuxpresso.tools.win32_11.2.0.202001021529/tools/bin/../lib/gcc/arm-none-eabi/9.2.1/../../../../arm-none-eabi/lib/thumb/v7e-m+fp/hard\libcr_semihost_nf.a(__sys_istty.o)
 .ARM.attributes
                0x00000792       0x20 c:/nxp/mcuxpressoide_11.2.0_4120/ide/plugins/com.nxp.mcuxpresso.tools.win32_11.2.0.202001021529/tools/bin/../lib/gcc/arm-none-eabi/9.2.1/../../../../arm-none-eabi/lib/thumb/v7e-m+fp/hard\libcr_semihost_nf.a(__sys_remove.o)
 .ARM.attributes
                0x000007b2       0x20 c:/nxp/mcuxpressoide_11.2.0_4120/ide/plugins/com.nxp.mcuxpresso.tools.win32_11.2.0.202001021529/tools/bin/../lib/gcc/arm-none-eabi/9.2.1/../../../../arm-none-eabi/lib/thumb/v7e-m+fp/hard\libcr_semihost_nf.a(__sys_seek.o)
 .ARM.attributes
                0x000007d2       0x20 c:/nxp/mcuxpressoide_11.2.0_4120/ide/plugins/com.nxp.mcuxpresso.tools.win32_11.2.0.202001021529/tools/bin/../lib/gcc/arm-none-eabi/9.2.1/../../../../arm-none-eabi/lib/thumb/v7e-m+fp/hard\libcr_semihost_nf.a(__sys_tmpnam.o)
 .ARM.attributes
                0x000007f2       0x20 c:/nxp/mcuxpressoide_11.2.0_4120/ide/plugins/com.nxp.mcuxpresso.tools.win32_11.2.0.202001021529/tools/bin/../lib/gcc/arm-none-eabi/9.2.1/../../../../arm-none-eabi/lib/thumb/v7e-m+fp/hard\libcr_semihost_nf.a(__sys_write.o)

.debug_frame    0x00000000     0x1fe0
 .debug_frame   0x00000000       0x30 ./utilities/fsl_assert.o
 .debug_frame   0x00000030      0x904 ./startup/startup_mk64f12.o
 .debug_frame   0x00000934       0x74 ./source/main.o
 .debug_frame   0x000009a8       0x20 ./source/semihost_hardfault.o
 .debug_frame   0x000009c8      0x890 ./drivers/fsl_clock.o
 .debug_frame   0x00001258      0x3a4 ./drivers/fsl_ftm.o
 .debug_frame   0x000015fc      0x63c ./drivers/fsl_uart.o
 .debug_frame   0x00001c38       0x74 ./device/system_MK64F12.o
 .debug_frame   0x00001cac       0x5c ./board/board.o
 .debug_frame   0x00001d08      0x124 ./board/clock_config.o
 .debug_frame   0x00001e2c      0x11c ./board/peripherals.o
 .debug_frame   0x00001f48       0x98 ./board/pin_mux.o

Cross Reference Table

Symbol                                            File
ADC0_DriverIRQHandler                             ./startup/startup_mk64f12.o
ADC0_IRQHandler                                   ./startup/startup_mk64f12.o
ADC1_DriverIRQHandler                             ./startup/startup_mk64f12.o
ADC1_IRQHandler                                   ./startup/startup_mk64f12.o
BOARD_BootClockRUN                                ./board/clock_config.o
                                                  ./source/main.o
BOARD_BootClockVLPR                               ./board/clock_config.o
BOARD_InitBootClocks                              ./board/clock_config.o
BOARD_InitBootPeripherals                         ./board/peripherals.o
                                                  ./source/main.o
BOARD_InitBootPins                                ./board/pin_mux.o
BOARD_InitDebugConsole                            ./board/board.o
                                                  ./source/main.o
BOARD_InitPeripherals                             ./board/peripherals.o
BOARD_InitPins                                    ./board/pin_mux.o
                                                  ./source/main.o
BusFault_Handler                                  ./startup/startup_mk64f12.o
CAN0_Bus_Off_IRQHandler                           ./startup/startup_mk64f12.o
CAN0_DriverIRQHandler                             ./startup/startup_mk64f12.o
CAN0_Error_IRQHandler                             ./startup/startup_mk64f12.o
CAN0_ORed_Message_buffer_IRQHandler               ./startup/startup_mk64f12.o
CAN0_Rx_Warning_IRQHandler                        ./startup/startup_mk64f12.o
CAN0_Tx_Warning_IRQHandler                        ./startup/startup_mk64f12.o
CAN0_Wake_Up_IRQHandler                           ./startup/startup_mk64f12.o
CLOCK_BootToBlpeMode                              ./drivers/fsl_clock.o
CLOCK_BootToBlpiMode                              ./drivers/fsl_clock.o
                                                  ./board/clock_config.o
CLOCK_BootToFeeMode                               ./drivers/fsl_clock.o
CLOCK_BootToFeiMode                               ./drivers/fsl_clock.o
CLOCK_BootToPeeMode                               ./drivers/fsl_clock.o
                                                  ./board/clock_config.o
CLOCK_CalcPllDiv                                  ./drivers/fsl_clock.o
CLOCK_ClearStatusFlags                            ./drivers/fsl_clock.o
CLOCK_DeinitOsc0                                  ./drivers/fsl_clock.o
CLOCK_EnablePll0                                  ./drivers/fsl_clock.o
CLOCK_EnableUsbfs0Clock                           ./drivers/fsl_clock.o
CLOCK_ExternalModeToFbeModeQuick                  ./drivers/fsl_clock.o
CLOCK_GetBusClkFreq                               ./drivers/fsl_clock.o
CLOCK_GetCoreSysClkFreq                           ./drivers/fsl_clock.o
                                                  ./board/board.o
CLOCK_GetEr32kClkFreq                             ./drivers/fsl_clock.o
CLOCK_GetFixedFreqClkFreq                         ./drivers/fsl_clock.o
CLOCK_GetFlashClkFreq                             ./drivers/fsl_clock.o
CLOCK_GetFlexBusClkFreq                           ./drivers/fsl_clock.o
CLOCK_GetFllFreq                                  ./drivers/fsl_clock.o
CLOCK_GetFreq                                     ./drivers/fsl_clock.o
                                                  ./board/peripherals.o
CLOCK_GetInternalRefClkFreq                       ./drivers/fsl_clock.o
CLOCK_GetMode                                     ./drivers/fsl_clock.o
CLOCK_GetOsc0ErClkFreq                            ./drivers/fsl_clock.o
CLOCK_GetOutClkFreq                               ./drivers/fsl_clock.o
CLOCK_GetPlatClkFreq                              ./drivers/fsl_clock.o
CLOCK_GetPll0Freq                                 ./drivers/fsl_clock.o
CLOCK_GetPllFllSelClkFreq                         ./drivers/fsl_clock.o
CLOCK_GetStatusFlags                              ./drivers/fsl_clock.o
CLOCK_InitOsc0                                    ./drivers/fsl_clock.o
                                                  ./board/clock_config.o
CLOCK_InternalModeToFbiModeQuick                  ./drivers/fsl_clock.o
CLOCK_SetBlpeMode                                 ./drivers/fsl_clock.o
CLOCK_SetBlpiMode                                 ./drivers/fsl_clock.o
CLOCK_SetExternalRefClkConfig                     ./drivers/fsl_clock.o
CLOCK_SetFastIrcFreq                              ./drivers/fsl_clock.o
CLOCK_SetFbeMode                                  ./drivers/fsl_clock.o
CLOCK_SetFbiMode                                  ./drivers/fsl_clock.o
CLOCK_SetFeeMode                                  ./drivers/fsl_clock.o
CLOCK_SetFeiMode                                  ./drivers/fsl_clock.o
CLOCK_SetInternalRefClkConfig                     ./drivers/fsl_clock.o
                                                  ./board/clock_config.o
CLOCK_SetMcgConfig                                ./drivers/fsl_clock.o
CLOCK_SetOsc0MonitorMode                          ./drivers/fsl_clock.o
CLOCK_SetPbeMode                                  ./drivers/fsl_clock.o
CLOCK_SetPeeMode                                  ./drivers/fsl_clock.o
CLOCK_SetPll0MonitorMode                          ./drivers/fsl_clock.o
CLOCK_SetRtcOscMonitorMode                        ./drivers/fsl_clock.o
CLOCK_SetSimConfig                                ./drivers/fsl_clock.o
                                                  ./board/clock_config.o
CLOCK_SetSlowIrcFreq                              ./drivers/fsl_clock.o
CLOCK_TrimInternalRefClk                          ./drivers/fsl_clock.o
CMP0_DriverIRQHandler                             ./startup/startup_mk64f12.o
CMP0_IRQHandler                                   ./startup/startup_mk64f12.o
CMP1_DriverIRQHandler                             ./startup/startup_mk64f12.o
CMP1_IRQHandler                                   ./startup/startup_mk64f12.o
CMP2_DriverIRQHandler                             ./startup/startup_mk64f12.o
CMP2_IRQHandler                                   ./startup/startup_mk64f12.o
CMT_DriverIRQHandler                              ./startup/startup_mk64f12.o
CMT_IRQHandler                                    ./startup/startup_mk64f12.o
DAC0_DriverIRQHandler                             ./startup/startup_mk64f12.o
DAC0_IRQHandler                                   ./startup/startup_mk64f12.o
DAC1_DriverIRQHandler                             ./startup/startup_mk64f12.o
DAC1_IRQHandler                                   ./startup/startup_mk64f12.o
DMA0_DriverIRQHandler                             ./startup/startup_mk64f12.o
DMA0_IRQHandler                                   ./startup/startup_mk64f12.o
DMA10_DriverIRQHandler                            ./startup/startup_mk64f12.o
DMA10_IRQHandler                                  ./startup/startup_mk64f12.o
DMA11_DriverIRQHandler                            ./startup/startup_mk64f12.o
DMA11_IRQHandler                                  ./startup/startup_mk64f12.o
DMA12_DriverIRQHandler                            ./startup/startup_mk64f12.o
DMA12_IRQHandler                                  ./startup/startup_mk64f12.o
DMA13_DriverIRQHandler                            ./startup/startup_mk64f12.o
DMA13_IRQHandler                                  ./startup/startup_mk64f12.o
DMA14_DriverIRQHandler                            ./startup/startup_mk64f12.o
DMA14_IRQHandler                                  ./startup/startup_mk64f12.o
DMA15_DriverIRQHandler                            ./startup/startup_mk64f12.o
DMA15_IRQHandler                                  ./startup/startup_mk64f12.o
DMA1_DriverIRQHandler                             ./startup/startup_mk64f12.o
DMA1_IRQHandler                                   ./startup/startup_mk64f12.o
DMA2_DriverIRQHandler                             ./startup/startup_mk64f12.o
DMA2_IRQHandler                                   ./startup/startup_mk64f12.o
DMA3_DriverIRQHandler                             ./startup/startup_mk64f12.o
DMA3_IRQHandler                                   ./startup/startup_mk64f12.o
DMA4_DriverIRQHandler                             ./startup/startup_mk64f12.o
DMA4_IRQHandler                                   ./startup/startup_mk64f12.o
DMA5_DriverIRQHandler                             ./startup/startup_mk64f12.o
DMA5_IRQHandler                                   ./startup/startup_mk64f12.o
DMA6_DriverIRQHandler                             ./startup/startup_mk64f12.o
DMA6_IRQHandler                                   ./startup/startup_mk64f12.o
DMA7_DriverIRQHandler                             ./startup/startup_mk64f12.o
DMA7_IRQHandler                                   ./startup/startup_mk64f12.o
DMA8_DriverIRQHandler                             ./startup/startup_mk64f12.o
DMA8_IRQHandler                                   ./startup/startup_mk64f12.o
DMA9_DriverIRQHandler                             ./startup/startup_mk64f12.o
DMA9_IRQHandler                                   ./startup/startup_mk64f12.o
DMA_Error_DriverIRQHandler                        ./startup/startup_mk64f12.o
DMA_Error_IRQHandler                              ./startup/startup_mk64f12.o
DbgConsole_ReadCharacter                          ./utilities/fsl_debug_console.o
DbgConsole_ReadLine                               ./utilities/fsl_debug_console.o
DbgConsole_ReadOneCharacter                       ./utilities/fsl_debug_console.o
DbgConsole_SendData                               ./utilities/fsl_debug_console.o
DbgConsole_SendDataReliable                       ./utilities/fsl_debug_console.o
DebugMon_Handler                                  ./startup/startup_mk64f12.o
ENET_1588_Timer_DriverIRQHandler                  ./startup/startup_mk64f12.o
ENET_1588_Timer_IRQHandler                        ./startup/startup_mk64f12.o
ENET_Error_DriverIRQHandler                       ./startup/startup_mk64f12.o
ENET_Error_IRQHandler                             ./startup/startup_mk64f12.o
ENET_Receive_DriverIRQHandler                     ./startup/startup_mk64f12.o
ENET_Receive_IRQHandler                           ./startup/startup_mk64f12.o
ENET_Transmit_DriverIRQHandler                    ./startup/startup_mk64f12.o
ENET_Transmit_IRQHandler                          ./startup/startup_mk64f12.o
FLASH_Erase                                       ./drivers/fsl_ftfx_flash.o
FLASH_EraseAll                                    ./drivers/fsl_ftfx_flash.o
FLASH_GetProperty                                 ./drivers/fsl_ftfx_flash.o
FLASH_GetSecurityState                            ./drivers/fsl_ftfx_flash.o
FLASH_Init                                        ./drivers/fsl_ftfx_flash.o
FLASH_IsProtected                                 ./drivers/fsl_ftfx_flash.o